Component: ARM Compiler 5.06 update 6 (build 750) Tool: armlink [4d35ed]

==============================================================================

Section Cross References

    main.o(i.BSP_Init) refers to misc.o(i.NVIC_PriorityGroupConfig) for NVIC_PriorityGroupConfig
    main.o(i.BSP_Init) refers to delay.o(i.TIM6_Configration) for TIM6_Configration
    main.o(i.BSP_Init) refers to delay.o(i.TIM7_Configration) for TIM7_Configration
    main.o(i.BSP_Init) refers to led_task.o(i.LED_Configuration) for LED_Configuration
    main.o(i.BSP_Init) refers to can1_chassis.o(i.CAN1_Configuration) for CAN1_Configuration
    main.o(i.BSP_Init) refers to can1_chassis.o(i.CAN2_Configuration) for CAN2_Configuration
    main.o(i.BSP_Init) refers to usart1_wifi.o(i.USART1_Configuration) for USART1_Configuration
    main.o(i.BSP_Init) refers to uart.o(i.USART2_Configuration) for USART2_Configuration
    main.o(i.BSP_Init) refers to usart3_remote.o(i.USART3_Configuration) for USART3_Configuration
    main.o(i.BSP_Init) refers to usart5_calib.o(i.USART5_Configuration) for USART5_Configuration
    main.o(i.Sys_Init) refers to chassis_task.o(i.chassis_PID_Init) for chassis_PID_Init
    main.o(i.main) refers to main.o(i.BSP_Init) for BSP_Init
    main.o(i.main) refers to delay.o(i.delay_ms) for delay_ms
    main.o(i.main) refers to main.o(i.Sys_Init) for Sys_Init
    main.o(i.main) refers to tasks.o(i.xTaskCreate) for xTaskCreate
    main.o(i.main) refers to tasks.o(i.vTaskStartScheduler) for vTaskStartScheduler
    main.o(i.main) refers to main.o(.data) for ActionTaskHandle
    main.o(i.main) refers to action_task.o(i.ActionTask) for ActionTask
    main.o(i.main) refers to chassis_task.o(i.ChassisTask) for ChassisTask
    main.o(i.main) refers to led_task.o(i.LedTask) for LedTask
    main.o(i.main) refers to pcreceivetask.o(i.PCReceiveTask) for PCReceiveTask
    main.o(i.main) refers to autotask.o(i.AutoTask) for AutoTask
    delay.o(i.TIM6_Configration) refers to misc.o(i.NVIC_Init) for NVIC_Init
    delay.o(i.TIM6_Configration) refers to stm32f10x_rcc.o(i.RCC_APB1PeriphClockCmd) for RCC_APB1PeriphClockCmd
    delay.o(i.TIM6_Configration) refers to stm32f10x_tim.o(i.TIM_TimeBaseInit) for TIM_TimeBaseInit
    delay.o(i.TIM6_Configration) refers to stm32f10x_tim.o(i.TIM_ARRPreloadConfig) for TIM_ARRPreloadConfig
    delay.o(i.TIM6_Configration) refers to stm32f10x_tim.o(i.TIM_ITConfig) for TIM_ITConfig
    delay.o(i.TIM6_Configration) refers to stm32f10x_tim.o(i.TIM_Cmd) for TIM_Cmd
    delay.o(i.TIM6_IRQHandler) refers to stm32f10x_tim.o(i.TIM_GetITStatus) for TIM_GetITStatus
    delay.o(i.TIM6_IRQHandler) refers to stm32f10x_tim.o(i.TIM_ClearITPendingBit) for TIM_ClearITPendingBit
    delay.o(i.TIM6_IRQHandler) refers to delay.o(.data) for delayus_cnt
    delay.o(i.TIM7_Configration) refers to misc.o(i.NVIC_Init) for NVIC_Init
    delay.o(i.TIM7_Configration) refers to stm32f10x_rcc.o(i.RCC_APB1PeriphClockCmd) for RCC_APB1PeriphClockCmd
    delay.o(i.TIM7_Configration) refers to stm32f10x_tim.o(i.TIM_TimeBaseInit) for TIM_TimeBaseInit
    delay.o(i.TIM7_Configration) refers to stm32f10x_tim.o(i.TIM_ARRPreloadConfig) for TIM_ARRPreloadConfig
    delay.o(i.TIM7_Configration) refers to stm32f10x_tim.o(i.TIM_ITConfig) for TIM_ITConfig
    delay.o(i.TIM7_Configration) refers to stm32f10x_tim.o(i.TIM_Cmd) for TIM_Cmd
    delay.o(i.TIM7_IRQHandler) refers to stm32f10x_tim.o(i.TIM_GetITStatus) for TIM_GetITStatus
    delay.o(i.TIM7_IRQHandler) refers to stm32f10x_tim.o(i.TIM_ClearITPendingBit) for TIM_ClearITPendingBit
    delay.o(i.TIM7_IRQHandler) refers to delay.o(.data) for delayms_cnt
    delay.o(i.delay_ms) refers to stm32f10x_tim.o(i.TIM_Cmd) for TIM_Cmd
    delay.o(i.delay_ms) refers to delay.o(.data) for delayms_cnt
    delay.o(i.delay_us) refers to stm32f10x_tim.o(i.TIM_Cmd) for TIM_Cmd
    delay.o(i.delay_us) refers to delay.o(.data) for delayus_cnt
    system_stm32f10x.o(i.SetSysClock) refers to system_stm32f10x.o(i.SetSysClockTo72) for SetSysClockTo72
    system_stm32f10x.o(i.SystemInit) refers to system_stm32f10x.o(i.SetSysClock) for SetSysClock
    stm32f10x_it.o(i.SysTick_Handler) refers to port.o(i.xPortSysTickHandler) for xPortSysTickHandler
    stm32f10x_adc.o(i.ADC_DeInit) refers to stm32f10x_rcc.o(i.RCC_APB2PeriphResetCmd) for RCC_APB2PeriphResetCmd
    stm32f10x_bkp.o(i.BKP_DeInit) refers to stm32f10x_rcc.o(i.RCC_BackupResetCmd) for RCC_BackupResetCmd
    stm32f10x_can.o(i.CAN_DeInit) refers to stm32f10x_rcc.o(i.RCC_APB1PeriphResetCmd) for RCC_APB1PeriphResetCmd
    stm32f10x_can.o(i.CAN_GetITStatus) refers to stm32f10x_can.o(i.CheckITStatus) for CheckITStatus
    stm32f10x_cec.o(i.CEC_DeInit) refers to stm32f10x_rcc.o(i.RCC_APB1PeriphResetCmd) for RCC_APB1PeriphResetCmd
    stm32f10x_dac.o(i.DAC_DeInit) refers to stm32f10x_rcc.o(i.RCC_APB1PeriphResetCmd) for RCC_APB1PeriphResetCmd
    stm32f10x_gpio.o(i.GPIO_AFIODeInit) refers to stm32f10x_rcc.o(i.RCC_APB2PeriphResetCmd) for RCC_APB2PeriphResetCmd
[...]
    i.uxListRemove                           0x08004134   Section        0  list.o(i.uxListRemove)
    i.vListInitialise                        0x0800415c   Section        0  list.o(i.vListInitialise)
    i.vListInitialiseItem                    0x08004176   Section        0  list.o(i.vListInitialiseItem)
    i.vListInsert                            0x0800417c   Section        0  list.o(i.vListInsert)
    i.vListInsertEnd                         0x080041b0   Section        0  list.o(i.vListInsertEnd)
    i.vPortEnterCritical                     0x080041c8   Section        0  port.o(i.vPortEnterCritical)
    i.vPortExitCritical                      0x080041ec   Section        0  port.o(i.vPortExitCritical)
    i.vPortFree                              0x0800420c   Section        0  heap_4.o(i.vPortFree)
    i.vPortSetupTimerInterrupt               0x08004254   Section        0  port.o(i.vPortSetupTimerInterrupt)
    i.vTaskDelay                             0x08004274   Section        0  tasks.o(i.vTaskDelay)
    i.vTaskResume                            0x080042a8   Section        0  tasks.o(i.vTaskResume)
    i.vTaskStartScheduler                    0x08004320   Section        0  tasks.o(i.vTaskStartScheduler)
    i.vTaskSuspend                           0x0800438c   Section        0  tasks.o(i.vTaskSuspend)
    i.vTaskSuspendAll                        0x08004448   Section        0  tasks.o(i.vTaskSuspendAll)
    i.vTaskSwitchContext                     0x08004458   Section        0  tasks.o(i.vTaskSwitchContext)
    i.xPortStartScheduler                    0x080044f8   Section        0  port.o(i.xPortStartScheduler)
    i.xPortSysTickHandler                    0x0800452c   Section        0  port.o(i.xPortSysTickHandler)
    i.xTaskCreate                            0x08004560   Section        0  tasks.o(i.xTaskCreate)
    i.xTaskGenericNotify                     0x080045c0   Section        0  tasks.o(i.xTaskGenericNotify)
    i.xTaskIncrementTick                     0x08004684   Section        0  tasks.o(i.xTaskIncrementTick)
    i.xTaskResumeAll                         0x080047a0   Section        0  tasks.o(i.xTaskResumeAll)
    x$fpl$d2f                                0x08004888   Section       98  d2f.o(x$fpl$d2f)
    x$fpl$dadd                               0x080048ec   Section      336  daddsub_clz.o(x$fpl$dadd)
    _dadd1                                   0x080048fd   Thumb Code     0  daddsub_clz.o(x$fpl$dadd)
    x$fpl$dcmpinf                            0x08004a3c   Section       24  dcmpi.o(x$fpl$dcmpinf)
    x$fpl$ddiv                               0x08004a54   Section      688  ddiv.o(x$fpl$ddiv)
    ddiv_entry                               0x08004a5b   Thumb Code     0  ddiv.o(x$fpl$ddiv)
    x$fpl$dleqf                              0x08004d04   Section      120  dleqf.o(x$fpl$dleqf)
    x$fpl$dmul                               0x08004d7c   Section      340  dmul.o(x$fpl$dmul)
    x$fpl$dnaninf                            0x08004ed0   Section      156  dnaninf.o(x$fpl$dnaninf)
    x$fpl$dretinf                            0x08004f6c   Section       12  dretinf.o(x$fpl$dretinf)
    x$fpl$drleqf                             0x08004f78   Section      108  drleqf.o(x$fpl$drleqf)
    x$fpl$dsub                               0x08004fe4   Section      468  daddsub_clz.o(x$fpl$dsub)
    _dsub1                                   0x08004ff5   Thumb Code     0  daddsub_clz.o(x$fpl$dsub)
    x$fpl$f2d                                0x080051b8   Section       86  f2d.o(x$fpl$f2d)
    x$fpl$fadd                               0x08005210   Section      196  faddsub_clz.o(x$fpl$fadd)
    _fadd1                                   0x0800521f   Thumb Code     0  faddsub_clz.o(x$fpl$fadd)
    x$fpl$fcmpinf                            0x080052d4   Section       24  fcmpi.o(x$fpl$fcmpinf)
    x$fpl$ffix                               0x080052ec   Section       54  ffix.o(x$fpl$ffix)
    x$fpl$fflt                               0x08005324   Section       48  fflt_clz.o(x$fpl$fflt)
    x$fpl$fleqf                              0x08005354   Section      104  fleqf.o(x$fpl$fleqf)
    x$fpl$fmul                               0x080053bc   Section      258  fmul.o(x$fpl$fmul)
    x$fpl$fnaninf                            0x080054be   Section      140  fnaninf.o(x$fpl$fnaninf)
    x$fpl$fretinf                            0x0800554a   Section       10  fretinf.o(x$fpl$fretinf)
    x$fpl$frleqf                             0x08005554   Section       98  frleqf.o(x$fpl$frleqf)
    x$fpl$fsub                               0x080055b8   Section      234  faddsub_clz.o(x$fpl$fsub)
    _fsub1                                   0x080055c7   Thumb Code     0  faddsub_clz.o(x$fpl$fsub)
    x$fpl$usenofp                            0x080056a2   Section        0  usenofp.o(x$fpl$usenofp)
    .constdata                               0x080056a4   Section       20  system_stm32f10x.o(.constdata)
    .constdata                               0x080056b8   Section        4  data_dispose.o(.constdata)
    .conststring                             0x080056bc   Section       28  bsp_esp8266_test.o(.conststring)
    .data                                    0x20000000   Section       24  main.o(.data)
    .data                                    0x20000018   Section        8  delay.o(.data)
    .data                                    0x20000020   Section       20  stm32f10x_rcc.o(.data)
    APBAHBPrescTable                         0x20000020   Data          16  stm32f10x_rcc.o(.data)
    ADCPrescTable                            0x20000030   Data           4  stm32f10x_rcc.o(.data)
    .data                                    0x20000034   Section       68  tasks.o(.data)
    pxDelayedTaskList                        0x20000038   Data           4  tasks.o(.data)
    pxOverflowDelayedTaskList                0x2000003c   Data           4  tasks.o(.data)
    uxDeletedTasksWaitingCleanUp             0x20000040   Data           4  tasks.o(.data)
    uxCurrentNumberOfTasks                   0x20000044   Data           4  tasks.o(.data)
    xTickCount                               0x20000048   Data           4  tasks.o(.data)
    uxTopReadyPriority                       0x2000004c   Data           4  tasks.o(.data)
    xSchedulerRunning                        0x20000050   Data           4  tasks.o(.data)
    uxPendedTicks                            0x20000054   Data           4  tasks.o(.data)
    xYieldPending                            0x20000058   Data           4  tasks.o(.data)
    xNumOfOverflows                          0x2000005c   Data           4  tasks.o(.data)
    uxTaskNumber                             0x20000060   Data           4  tasks.o(.data)
    xNextTaskUnblockTime                     0x20000064   Data           4  tasks.o(.data)
    xIdleTaskHandle                          0x20000068   Data           4  tasks.o(.data)
    uxSchedulerSuspended                     0x2000006c   Data           4  tasks.o(.data)
    ulTaskSwitchedInTime                     0x20000070   Data           4  tasks.o(.data)
    ulTotalRunTime                           0x20000074   Data           4  tasks.o(.data)
    .data                                    0x20000078   Section       12  chassis_task.o(.data)
    carSpeedx                                0x20000078   Data           4  chassis_task.o(.data)
    carSpeedy                                0x2000007c   Data           4  chassis_task.o(.data)
    carSpeedw                                0x20000080   Data           4  chassis_task.o(.data)
    .data                                    0x20000084   Section        8  action_task.o(.data)
    .data                                    0x2000008c   Section       84  autotask.o(.data)
    set_des_flag                             0x200000d4   Data           4  autotask.o(.data)
    .data                                    0x200000e0   Section       14  data_dispose.o(.data)
    .data                                    0x200000ee   Section       16  can1_chassis.o(.data)
    .data                                    0x20000100   Section       14  bsp_esp8266_test.o(.data)
    .data                                    0x20000110   Section        4  usart3_remote.o(.data)
    DATA_LENGTH                              0x20000110   Data           4  usart3_remote.o(.data)
    .data                                    0x20000114   Section       24  heap_4.o(.data)
    xStart                                   0x20000114   Data           8  heap_4.o(.data)
    pxEnd                                    0x2000011c   Data           4  heap_4.o(.data)
    xFreeBytesRemaining                      0x20000120   Data           4  heap_4.o(.data)
    xMinimumEverFreeBytesRemaining           0x20000124   Data           4  heap_4.o(.data)
    xBlockAllocatedBit                       0x20000128   Data           4  heap_4.o(.data)
    .data                                    0x2000012c   Section        4  port.o(.data)
    uxCriticalNesting                        0x2000012c   Data           4  port.o(.data)
    .bss                                     0x20000130   Section      700  main.o(.bss)
    .bss                                     0x200003ec   Section      740  tasks.o(.bss)
    pxReadyTasksLists                        0x200003ec   Data         640  tasks.o(.bss)
    xDelayedTaskList1                        0x2000066c   Data          20  tasks.o(.bss)
    xDelayedTaskList2                        0x20000680   Data          20  tasks.o(.bss)
    xPendingReadyList                        0x20000694   Data          20  tasks.o(.bss)
    xTasksWaitingTermination                 0x200006a8   Data          20  tasks.o(.bss)
    xSuspendedTaskList                       0x200006bc   Data          20  tasks.o(.bss)
    .bss                                     0x200006d0   Section      168  chassis_task.o(.bss)
    .bss                                     0x20000778   Section       76  autotask.o(.bss)
    .bss                                     0x200007c4   Section      216  data_dispose.o(.bss)
    .bss                                     0x2000089c   Section       40  can1_chassis.o(.bss)
    .bss                                     0x200008c4   Section     2052  bsp_esp8266.o(.bss)
    .bss                                     0x200010c8   Section       30  usart3_remote.o(.bss)
    .bss                                     0x200010e6   Section       41  uart.o(.bss)
    .bss                                     0x2000110f   Section    17408  heap_4.o(.bss)
    ucHeap                                   0x2000110f   Data       17408  heap_4.o(.bss)
    .bss                                     0x20005510   Section       96  libspace.o(.bss)
    HEAP                                     0x20005570   Section      512  startup_stm32f10x_cl.o(HEAP)
    Heap_Mem                                 0x20005570   Data         512  startup_stm32f10x_cl.o(HEAP)
    STACK                                    0x20005770   Section     1024  startup_stm32f10x_cl.o(STACK)
    Stack_Mem                                0x20005770   Data        1024  startup_stm32f10x_cl.o(STACK)
    __initial_sp                             0x20005b70   Data           0  startup_stm32f10x_cl.o(STACK)

    Global Symbols

    Symbol Name                              Value     Ov Type        Size  Object(Section)

    BuildAttributes$$THM_ISAv4$P$D$K$B$S$PE$A:L22UL41UL21$X:L11$S22US41US21$IEEE1$IW$USESV6$~STKCKD$USESV7$~SHL$OSPACE$ROPI$EBA8$UX$STANDARDLIB$REQ8$PRES8$EABIv2 0x00000000   Number         0  anon$$obj.o ABSOLUTE
    __ARM_use_no_argv                        0x00000000   Number         0  main.o ABSOLUTE
    __ARM_exceptions_init                     - Undefined Weak Reference
    __alloca_initialize                       - Undefined Weak Reference
    __arm_preinit_                            - Undefined Weak Reference
    __cpp_initialize__aeabi_                  - Undefined Weak Reference
    __cxa_finalize                            - Undefined Weak Reference
    __rt_locale                               - Undefined Weak Reference
    __sigvec_lookup                           - Undefined Weak Reference
    _atexit_init                              - Undefined Weak Reference
    _call_atexit_fns                          - Undefined Weak Reference
    _clock_init                               - Undefined Weak Reference
    _fp_trap_init                             - Undefined Weak Reference
    _fp_trap_shutdown                         - Undefined Weak Reference
    _get_lc_collate                           - Undefined Weak Reference
    _get_lc_ctype                             - Undefined Weak Reference
    _get_lc_monetary                          - Undefined Weak Reference
    _get_lc_numeric                           - Undefined Weak Reference
    _get_lc_time                              - Undefined Weak Reference
    _getenv_init                              - Undefined Weak Reference
    _handle_redirection                       - Undefined Weak Reference
    _init_alloc                               - Undefined Weak Reference
    _init_user_alloc                          - Undefined Weak Reference
    _initio                                   - Undefined Weak Reference
    _printf_mbtowc                            - Undefined Weak Reference
    _printf_post_padding                      - Undefined Weak Reference
    _printf_pre_padding                       - Undefined Weak Reference
    _printf_truncate_signed                   - Undefined Weak Reference
    _printf_truncate_unsigned                 - Undefined Weak Reference
    _rand_init                                - Undefined Weak Reference
    _signal_finish                            - Undefined Weak Reference
    _signal_init                              - Undefined Weak Reference
    _terminate_alloc                          - Undefined Weak Reference
    _terminate_user_alloc                     - Undefined Weak Reference
    _terminateio                              - Undefined Weak Reference
    __Vectors_Size                           0x00000150   Number         0  startup_stm32f10x_cl.o ABSOLUTE
    __Vectors                                0x08000000   Data           4  startup_stm32f10x_cl.o(RESET)
    __Vectors_End                            0x08000150   Data           0  startup_stm32f10x_cl.o(RESET)
    __main                                   0x08000151   Thumb Code     8  __main.o(!!!main)
    __scatterload                            0x08000159   Thumb Code     0  __scatter.o(!!!scatter)
    __scatterload_rt2                        0x08000159   Thumb Code    44  __scatter.o(!!!scatter)
    __scatterload_rt2_thumb_only             0x08000159   Thumb Code     0  __scatter.o(!!!scatter)
    __scatterload_null                       0x08000167   Thumb Code     0  __scatter.o(!!!scatter)
    __decompress                             0x0800018d   Thumb Code    90  __dczerorl2.o(!!dczerorl2)
    __decompress1                            0x0800018d   Thumb Code     0  __dczerorl2.o(!!dczerorl2)
    __scatterload_zeroinit                   0x080001e9   Thumb Code    28  __scatter_zi.o(!!handler_zi)
    _printf_d                                0x08000205   Thumb Code     0  _printf_d.o(.ARM.Collect$$_printf_percent$$00000009)
    _printf_percent                          0x08000205   Thumb Code     0  _printf_percent.o(.ARM.Collect$$_printf_percent$$00000000)
    _printf_s                                0x0800020b   Thumb Code     0  _printf_s.o(.ARM.Collect$$_printf_percent$$00000014)
    _printf_percent_end                      0x08000211   Thumb Code     0  _printf_percent_end.o(.ARM.Collect$$_printf_percent$$00000017)
    __rt_lib_init                            0x08000215   Thumb Code     0  libinit.o(.ARM.Collect$$libinit$$00000000)
    __rt_lib_init_alloca_1                   0x08000217   Thumb Code     0  libinit2.o(.ARM.Collect$$libinit$$0000002E)
    __rt_lib_init_argv_1                     0x08000217   Thumb Code     0  libinit2.o(.ARM.Collect$$libinit$$0000002C)
    __rt_lib_init_atexit_1                   0x08000217   Thumb Code     0  libinit2.o(.ARM.Collect$$libinit$$0000001B)
    __rt_lib_init_clock_1                    0x08000217   Thumb Code     0  libinit2.o(.ARM.Collect$$libinit$$00000021)
    __rt_lib_init_cpp_1                      0x08000217   Thumb Code     0  libinit2.o(.ARM.Collect$$libinit$$00000032)
    __rt_lib_init_exceptions_1               0x08000217   Thumb Code     0  libinit2.o(.ARM.Collect$$libinit$$00000030)
    __rt_lib_init_fp_1                       0x08000217   Thumb Code     0  libinit2.o(.ARM.Collect$$libinit$$00000002)
    __rt_lib_init_fp_trap_1                  0x08000217   Thumb Code     0  libinit2.o(.ARM.Collect$$libinit$$0000001F)
    __rt_lib_init_getenv_1                   0x08000217   Thumb Code     0  libinit2.o(.ARM.Collect$$libinit$$00000023)
    __rt_lib_init_heap_1                     0x08000217   Thumb Code     0  libinit2.o(.ARM.Collect$$libinit$$0000000A)
    __rt_lib_init_lc_collate_1               0x08000217   Thumb Code     0  libinit2.o(.ARM.Collect$$libinit$$00000011)
    __rt_lib_init_lc_ctype_1                 0x08000217   Thumb Code     0  libinit2.o(.ARM.Collect$$libinit$$00000013)
    __rt_lib_init_lc_monetary_1              0x08000217   Thumb Code     0  libinit2.o(.ARM.Collect$$libinit$$00000015)
    __rt_lib_init_lc_numeric_1               0x08000217   Thumb Code     0  libinit2.o(.ARM.Collect$$libinit$$00000017)
    __rt_lib_init_lc_time_1                  0x08000217   Thumb Code     0  libinit2.o(.ARM.Collect$$libinit$$00000019)
    __rt_lib_init_preinit_1                  0x08000217   Thumb Code     0  libinit2.o(.ARM.Collect$$libinit$$00000004)
    __rt_lib_init_rand_1                     0x08000217   Thumb Code     0  libinit2.o(.ARM.Collect$$libinit$$0000000E)
    __rt_lib_init_return                     0x08000217   Thumb Code     0  libinit2.o(.ARM.Collect$$libinit$$00000033)
    __rt_lib_init_signal_1                   0x08000217   Thumb Code     0  libinit2.o(.ARM.Collect$$libinit$$0000001D)
    __rt_lib_init_stdio_1                    0x08000217   Thumb Code     0  libinit2.o(.ARM.Collect$$libinit$$00000025)
    __rt_lib_init_user_alloc_1               0x08000217   Thumb Code     0  libinit2.o(.ARM.Collect$$libinit$$0000000C)
    __rt_lib_shutdown                        0x08000219   Thumb Code     0  libshutdown.o(.ARM.Collect$$libshutdown$$00000000)
    __rt_lib_shutdown_cpp_1                  0x0800021b   Thumb Code     0  libshutdown2.o(.ARM.Collect$$libshutdown$$00000002)
    __rt_lib_shutdown_fp_trap_1              0x0800021b   Thumb Code     0  libshutdown2.o(.ARM.Collect$$libshutdown$$00000007)
    __rt_lib_shutdown_heap_1                 0x0800021b   Thumb Code     0  libshutdown2.o(.ARM.Collect$$libshutdown$$0000000F)
    __rt_lib_shutdown_return                 0x0800021b   Thumb Code     0  libshutdown2.o(.ARM.Collect$$libshutdown$$00000010)
    __rt_lib_shutdown_signal_1               0x0800021b   Thumb Code     0  libshutdown2.o(.ARM.Collect$$libshutdown$$0000000A)
    __rt_lib_shutdown_stdio_1                0x0800021b   Thumb Code     0  libshutdown2.o(.ARM.Collect$$libshutdown$$00000004)
    __rt_lib_shutdown_user_alloc_1           0x0800021b   Thumb Code     0  libshutdown2.o(.ARM.Collect$$libshutdown$$0000000C)
    __rt_entry                               0x0800021d   Thumb Code     0  __rtentry.o(.ARM.Collect$$rtentry$$00000000)
    __rt_entry_presh_1                       0x0800021d   Thumb Code     0  __rtentry2.o(.ARM.Collect$$rtentry$$00000002)
    __rt_entry_sh                            0x0800021d   Thumb Code     0  __rtentry4.o(.ARM.Collect$$rtentry$$00000004)
    __rt_entry_li                            0x08000223   Thumb Code     0  __rtentry2.o(.ARM.Collect$$rtentry$$0000000A)
    __rt_entry_postsh_1                      0x08000223   Thumb Code     0  __rtentry2.o(.ARM.Collect$$rtentry$$00000009)
    __rt_entry_main                          0x08000227   Thumb Code     0  __rtentry2.o(.ARM.Collect$$rtentry$$0000000D)
    __rt_entry_postli_1                      0x08000227   Thumb Code     0  __rtentry2.o(.ARM.Collect$$rtentry$$0000000C)
    __rt_exit                                0x0800022f   Thumb Code     0  rtexit.o(.ARM.Collect$$rtexit$$00000000)
    __rt_exit_ls                             0x08000231   Thumb Code     0  rtexit2.o(.ARM.Collect$$rtexit$$00000003)
    __rt_exit_prels_1                        0x08000231   Thumb Code     0  rtexit2.o(.ARM.Collect$$rtexit$$00000002)
    __rt_exit_exit                           0x08000235   Thumb Code     0  rtexit2.o(.ARM.Collect$$rtexit$$00000004)
    SVC_Handler                              0x0800023d   Thumb Code    32  port.o(.emb_text)
    __asm___6_port_c_39a90d8d__prvStartFirstTask 0x08000261   Thumb Code    28  port.o(.emb_text)
    PendSV_Handler                           0x08000281   Thumb Code    72  port.o(.emb_text)
    vPortGetIPSR                             0x080002cd   Thumb Code     6  port.o(.emb_text)
    Reset_Handler                            0x080002d5   Thumb Code     8  startup_stm32f10x_cl.o(.text)
    ADC1_2_IRQHandler                        0x080002ef   Thumb Code     0  startup_stm32f10x_cl.o(.text)
    CAN1_RX1_IRQHandler                      0x080002ef   Thumb Code     0  startup_stm32f10x_cl.o(.text)
    CAN1_SCE_IRQHandler                      0x080002ef   Thumb Code     0  startup_stm32f10x_cl.o(.text)
    CAN1_TX_IRQHandler                       0x080002ef   Thumb Code     0  startup_stm32f10x_cl.o(.text)
    CAN2_RX1_IRQHandler                      0x080002ef   Thumb Code     0  startup_stm32f10x_cl.o(.text)
    CAN2_SCE_IRQHandler                      0x080002ef   Thumb Code     0  startup_stm32f10x_cl.o(.text)
    CAN2_TX_IRQHandler                       0x080002ef   Thumb Code     0  startup_stm32f10x_cl.o(.text)
    DMA1_Channel1_IRQHandler                 0x080002ef   Thumb Code     0  startup_stm32f10x_cl.o(.text)
    DMA1_Channel2_IRQHandler                 0x080002ef   Thumb Code     0  startup_stm32f10x_cl.o(.text)
    DMA1_Channel3_IRQHandler                 0x080002ef   Thumb Code     0  startup_stm32f10x_cl.o(.text)
    DMA1_Channel4_IRQHandler                 0x080002ef   Thumb Code     0  startup_stm32f10x_cl.o(.text)
    DMA1_Channel5_IRQHandler                 0x080002ef   Thumb Code     0  startup_stm32f10x_cl.o(.text)
    DMA2_Channel1_IRQHandler                 0x080002ef   Thumb Code     0  startup_stm32f10x_cl.o(.text)
    DMA2_Channel2_IRQHandler                 0x080002ef   Thumb Code     0  startup_stm32f10x_cl.o(.text)
    DMA2_Channel3_IRQHandler                 0x080002ef   Thumb Code     0  startup_stm32f10x_cl.o(.text)
    DMA2_Channel4_IRQHandler                 0x080002ef   Thumb Code     0  startup_stm32f10x_cl.o(.text)
    DMA2_Channel5_IRQHandler                 0x080002ef   Thumb Code     0  startup_stm32f10x_cl.o(.text)
    ETH_IRQHandler                           0x080002ef   Thumb Code     0  startup_stm32f10x_cl.o(.text)
    ETH_WKUP_IRQHandler                      0x080002ef   Thumb Code     0  startup_stm32f10x_cl.o(.text)
    EXTI0_IRQHandler                         0x080002ef   Thumb Code     0  startup_stm32f10x_cl.o(.text)
    EXTI15_10_IRQHandler                     0x080002ef   Thumb Code     0  startup_stm32f10x_cl.o(.text)
    EXTI1_IRQHandler                         0x080002ef   Thumb Code     0  startup_stm32f10x_cl.o(.text)
    EXTI2_IRQHandler                         0x080002ef   Thumb Code     0  startup_stm32f10x_cl.o(.text)
    EXTI3_IRQHandler                         0x080002ef   Thumb Code     0  startup_stm32f10x_cl.o(.text)
    EXTI4_IRQHandler                         0x080002ef   Thumb Code     0  startup_stm32f10x_cl.o(.text)
    EXTI9_5_IRQHandler                       0x080002ef   Thumb Code     0  startup_stm32f10x_cl.o(.text)
    FLASH_IRQHandler                         0x080002ef   Thumb Code     0  startup_stm32f10x_cl.o(.text)
    I2C1_ER_IRQHandler                       0x080002ef   Thumb Code     0  startup_stm32f10x_cl.o(.text)
    I2C1_EV_IRQHandler                       0x080002ef   Thumb Code     0  startup_stm32f10x_cl.o(.text)
    I2C2_ER_IRQHandler                       0x080002ef   Thumb Code     0  startup_stm32f10x_cl.o(.text)
    I2C2_EV_IRQHandler                       0x080002ef   Thumb Code     0  startup_stm32f10x_cl.o(.text)
    OTG_FS_IRQHandler                        0x080002ef   Thumb Code     0  startup_stm32f10x_cl.o(.text)
    OTG_FS_WKUP_IRQHandler                   0x080002ef   Thumb Code     0  startup_stm32f10x_cl.o(.text)
    PVD_IRQHandler                           0x080002ef   Thumb Code     0  startup_stm32f10x_cl.o(.text)
    RCC_IRQHandler                           0x080002ef   Thumb Code     0  startup_stm32f10x_cl.o(.text)
    RTCAlarm_IRQHandler                      0x080002ef   Thumb Code     0  startup_stm32f10x_cl.o(.text)
    RTC_IRQHandler                           0x080002ef   Thumb Code     0  startup_stm32f10x_cl.o(.text)
    SPI1_IRQHandler                          0x080002ef   Thumb Code     0  startup_stm32f10x_cl.o(.text)
    SPI2_IRQHandler                          0x080002ef   Thumb Code     0  startup_stm32f10x_cl.o(.text)
    SPI3_IRQHandler                          0x080002ef   Thumb Code     0  startup_stm32f10x_cl.o(.text)
    TAMPER_IRQHandler                        0x080002ef   Thumb Code     0  startup_stm32f10x_cl.o(.text)
    TIM1_BRK_IRQHandler                      0x080002ef   Thumb Code     0  startup_stm32f10x_cl.o(.text)
    TIM1_CC_IRQHandler                       0x080002ef   Thumb Code     0  startup_stm32f10x_cl.o(.text)
    TIM1_TRG_COM_IRQHandler                  0x080002ef   Thumb Code     0  startup_stm32f10x_cl.o(.text)
    TIM1_UP_IRQHandler                       0x080002ef   Thumb Code     0  startup_stm32f10x_cl.o(.text)
    TIM2_IRQHandler                          0x080002ef   Thumb Code     0  startup_stm32f10x_cl.o(.text)
    TIM3_IRQHandler                          0x080002ef   Thumb Code     0  startup_stm32f10x_cl.o(.text)
    TIM4_IRQHandler                          0x080002ef   Thumb Code     0  startup_stm32f10x_cl.o(.text)
    TIM5_IRQHandler                          0x080002ef   Thumb Code     0  startup_stm32f10x_cl.o(.text)
    UART4_IRQHandler                         0x080002ef   Thumb Code     0  startup_stm32f10x_cl.o(.text)
    USART2_IRQHandler                        0x080002ef   Thumb Code     0  startup_stm32f10x_cl.o(.text)
    WWDG_IRQHandler                          0x080002ef   Thumb Code     0  startup_stm32f10x_cl.o(.text)
    __user_initial_stackheap                 0x080002f1   Thumb Code     0  startup_stm32f10x_cl.o(.text)
    __2sprintf                               0x08000315   Thumb Code    34  noretval__2sprintf.o(.text)
    __printf                                 0x0800033d   Thumb Code   104  __printf.o(.text)
    _printf_str                              0x080003a5   Thumb Code    82  _printf_str.o(.text)
    _printf_int_dec                          0x080003f9   Thumb Code   104  _printf_dec.o(.text)
    strstr                                   0x08000471   Thumb Code    36  strstr.o(.text)
    __aeabi_memcpy                           0x08000495   Thumb Code     0  rt_memcpy_v6.o(.text)
    __rt_memcpy                              0x08000495   Thumb Code   138  rt_memcpy_v6.o(.text)
    _memcpy_lastbytes                        0x080004fb   Thumb Code     0  rt_memcpy_v6.o(.text)
    __aeabi_memset                           0x0800051f   Thumb Code    16  aeabi_memset.o(.text)
    __aeabi_memclr4                          0x0800052f   Thumb Code     0  rt_memclr_w.o(.text)
    __aeabi_memclr8                          0x0800052f   Thumb Code     0  rt_memclr_w.o(.text)
    __rt_memclr_w                            0x0800052f   Thumb Code    78  rt_memclr_w.o(.text)
    _memset_w                                0x08000533   Thumb Code     0  rt_memclr_w.o(.text)
    __use_two_region_memory                  0x0800057d   Thumb Code     2  heapauxi.o(.text)
    __rt_heap_escrow$2region                 0x0800057f   Thumb Code     2  heapauxi.o(.text)
    __rt_heap_expand$2region                 0x08000581   Thumb Code     2  heapauxi.o(.text)
    _printf_int_common                       0x08000583   Thumb Code   178  _printf_intcommon.o(.text)
    _printf_char_common                      0x0800063f   Thumb Code    32  _printf_char_common.o(.text)
    _sputc                                   0x08000665   Thumb Code    10  _sputc.o(.text)
    _printf_cs_common                        0x0800066f   Thumb Code    20  _printf_char.o(.text)
    _printf_char                             0x08000683   Thumb Code    16  _printf_char.o(.text)
    _printf_string                           0x08000693   Thumb Code     8  _printf_char.o(.text)
    __aeabi_memcpy4                          0x0800069b   Thumb Code     0  rt_memcpy_w.o(.text)
    __aeabi_memcpy8                          0x0800069b   Thumb Code     0  rt_memcpy_w.o(.text)
    __rt_memcpy_w                            0x0800069b   Thumb Code   100  rt_memcpy_w.o(.text)
    _memcpy_lastbytes_aligned                0x080006e3   Thumb Code     0  rt_memcpy_w.o(.text)
    __aeabi_memclr                           0x080006ff   Thumb Code     0  rt_memclr.o(.text)
    __rt_memclr                              0x080006ff   Thumb Code    68  rt_memclr.o(.text)
    _memset                                  0x08000703   Thumb Code     0  rt_memclr.o(.text)
    __user_setup_stackheap                   0x08000743   Thumb Code    74  sys_stackheap_outer.o(.text)
    exit                                     0x0800078d   Thumb Code    18  exit.o(.text)
    __user_libspace                          0x080007a1   Thumb Code     8  libspace.o(.text)
    __user_perproc_libspace                  0x080007a1   Thumb Code     0  libspace.o(.text)
    __user_perthread_libspace                0x080007a1   Thumb Code     0  libspace.o(.text)
    _sys_exit                                0x080007a9   Thumb Code     8  sys_exit.o(.text)
    __I$use$semihosting                      0x080007b5   Thumb Code     0  use_no_semi.o(.text)
    __use_no_semihosting_swi                 0x080007b5   Thumb Code     2  use_no_semi.o(.text)
    __semihosting_library_function           0x080007b7   Thumb Code     0  indicate_semi.o(.text)
    ActionTask                               0x080007b9   Thumb Code   176  action_task.o(i.ActionTask)
    AutoTask                                 0x08000881   Thumb Code  1554  autotask.o(i.AutoTask)
    BSP_Init                                 0x08000ec1   Thumb Code    60  main.o(i.BSP_Init)
    BusFault_Handler                         0x08000efd   Thumb Code     4  stm32f10x_it.o(i.BusFault_Handler)
    CAN1_Configuration                       0x08000f01   Thumb Code   306  can1_chassis.o(i.CAN1_Configuration)
    CAN1_RX0_IRQHandler                      0x0800103d   Thumb Code    40  can1_chassis.o(i.CAN1_RX0_IRQHandler)
    CAN2_Configuration                       0x0800106d   Thumb Code   256  can1_chassis.o(i.CAN2_Configuration)
    CAN2_RX0_IRQHandler                      0x08001175   Thumb Code    40  can1_chassis.o(i.CAN2_RX0_IRQHandler)
    CAN_ClearITPendingBit                    0x080011a5   Thumb Code   162  stm32f10x_can.o(i.CAN_ClearITPendingBit)
    CAN_DataReceive                          0x0800124d   Thumb Code   212  can1_chassis.o(i.CAN_DataReceive)
    CAN_DeInit                               0x08001335   Thumb Code    50  stm32f10x_can.o(i.CAN_DeInit)
    CAN_FilterInit                           0x0800136d   Thumb Code   258  stm32f10x_can.o(i.CAN_FilterInit)
    CAN_GetITStatus                          0x08001475   Thumb Code   284  stm32f10x_can.o(i.CAN_GetITStatus)
    CAN_ITConfig                             0x08001595   Thumb Code    18  stm32f10x_can.o(i.CAN_ITConfig)
    CAN_Init                                 0x080015a7   Thumb Code   276  stm32f10x_can.o(i.CAN_Init)
    CAN_Receive                              0x080016bb   Thumb Code   240  stm32f10x_can.o(i.CAN_Receive)
    CAN_StructInit                           0x080017ab   Thumb Code    32  stm32f10x_can.o(i.CAN_StructInit)
    CAN_Transmit                             0x080017cb   Thumb Code   294  stm32f10x_can.o(i.CAN_Transmit)
    Cal_speed                                0x080018f1   Thumb Code   306  autotask.o(i.Cal_speed)
    ChassisTask                              0x08001a39   Thumb Code   804  chassis_task.o(i.ChassisTask)
    DMA1_Channel6_IRQHandler                 0x08001d9d   Thumb Code    28  uart.o(i.DMA1_Channel6_IRQHandler)
    DMA1_Channel7_IRQHandler                 0x08001dbd   Thumb Code    38  uart.o(i.DMA1_Channel7_IRQHandler)
    DMA_ClearFlag                            0x08001de9   Thumb Code    18  stm32f10x_dma.o(i.DMA_ClearFlag)
    DMA_ClearITPendingBit                    0x08001e05   Thumb Code    18  stm32f10x_dma.o(i.DMA_ClearITPendingBit)
    DMA_Cmd                                  0x08001e21   Thumb Code    24  stm32f10x_dma.o(i.DMA_Cmd)
    DMA_DeInit                               0x08001e39   Thumb Code   324  stm32f10x_dma.o(i.DMA_DeInit)
    DMA_GetCurrDataCounter                   0x08001f85   Thumb Code     8  stm32f10x_dma.o(i.DMA_GetCurrDataCounter)
    DMA_GetFlagStatus                        0x08001f8d   Thumb Code    36  stm32f10x_dma.o(i.DMA_GetFlagStatus)
    DMA_GetITStatus                          0x08001fb9   Thumb Code    36  stm32f10x_dma.o(i.DMA_GetITStatus)
    DMA_ITConfig                             0x08001fe5   Thumb Code    18  stm32f10x_dma.o(i.DMA_ITConfig)
    DMA_Init                                 0x08001ff7   Thumb Code    60  stm32f10x_dma.o(i.DMA_Init)
    DMA_SetCurrDataCounter                   0x08002033   Thumb Code     4  stm32f10x_dma.o(i.DMA_SetCurrDataCounter)
    DebugMon_Handler                         0x08002037   Thumb Code     2  stm32f10x_it.o(i.DebugMon_Handler)
    ESP8266_CheckRecvDataTest                0x08002039   Thumb Code   120  bsp_esp8266_test.o(i.ESP8266_CheckRecvDataTest)
    ESP8266_Cmd                              0x080020ed   Thumb Code   186  bsp_esp8266.o(i.ESP8266_Cmd)
    ESP8266_ExitUnvarnishSend                0x080021b9   Thumb Code    24  bsp_esp8266.o(i.ESP8266_ExitUnvarnishSend)
    ESP8266_Get_LinkStatus                   0x08002219   Thumb Code    64  bsp_esp8266.o(i.ESP8266_Get_LinkStatus)
    ESP8266_Init                             0x08002295   Thumb Code    32  bsp_esp8266.o(i.ESP8266_Init)
    ESP8266_JoinAP                           0x080022b9   Thumb Code    38  bsp_esp8266.o(i.ESP8266_JoinAP)
    ESP8266_Link_Server                      0x080022f9   Thumb Code   110  bsp_esp8266.o(i.ESP8266_Link_Server)
    ESP8266_UnvarnishSend                    0x0800247d   Thumb Code    38  bsp_esp8266.o(i.ESP8266_UnvarnishSend)
    GPIO_Init                                0x080024c9   Thumb Code   278  stm32f10x_gpio.o(i.GPIO_Init)
    GPIO_PinRemapConfig                      0x080025e1   Thumb Code   138  stm32f10x_gpio.o(i.GPIO_PinRemapConfig)
    GPIO_ResetBits                           0x08002671   Thumb Code     4  stm32f10x_gpio.o(i.GPIO_ResetBits)
    GPIO_SetBits                             0x08002675   Thumb Code     4  stm32f10x_gpio.o(i.GPIO_SetBits)
    HardFault_Handler                        0x08002679   Thumb Code     4  stm32f10x_it.o(i.HardFault_Handler)
    JudgeBuffReceive                         0x0800267d   Thumb Code   210  data_dispose.o(i.JudgeBuffReceive)
    LED_Configuration                        0x08002769   Thumb Code    74  led_task.o(i.LED_Configuration)
    LedTask                                  0x080027b9   Thumb Code    90  led_task.o(i.LedTask)
    MemManage_Handler                        0x0800281d   Thumb Code     4  stm32f10x_it.o(i.MemManage_Handler)
    NMI_Handler                              0x08002821   Thumb Code     2  stm32f10x_it.o(i.NMI_Handler)
    NVIC_Init                                0x08002825   Thumb Code   100  misc.o(i.NVIC_Init)
    NVIC_PriorityGroupConfig                 0x08002895   Thumb Code    10  misc.o(i.NVIC_PriorityGroupConfig)
    PCReceiveTask                            0x080028a9   Thumb Code    36  pcreceivetask.o(i.PCReceiveTask)
    PID_Cal                                  0x080028d1   Thumb Code   204  pid.o(i.PID_Cal)
    PID_init                                 0x0800299d   Thumb Code    18  pid.o(i.PID_init)
    RCC_AHBPeriphClockCmd                    0x080029b1   Thumb Code    26  stm32f10x_rcc.o(i.RCC_AHBPeriphClockCmd)
    RCC_APB1PeriphClockCmd                   0x080029d1   Thumb Code    26  stm32f10x_rcc.o(i.RCC_APB1PeriphClockCmd)
    RCC_APB1PeriphResetCmd                   0x080029f1   Thumb Code    26  stm32f10x_rcc.o(i.RCC_APB1PeriphResetCmd)
    RCC_APB2PeriphClockCmd                   0x08002a11   Thumb Code    26  stm32f10x_rcc.o(i.RCC_APB2PeriphClockCmd)
    RCC_APB2PeriphResetCmd                   0x08002a31   Thumb Code    26  stm32f10x_rcc.o(i.RCC_APB2PeriphResetCmd)
    RCC_GetClocksFreq                        0x08002a51   Thumb Code   374  stm32f10x_rcc.o(i.RCC_GetClocksFreq)
    RemoteReceive                            0x08002bdd   Thumb Code    92  usart3_remote.o(i.RemoteReceive)
    Send_to_PC                               0x08002c3d   Thumb Code    94  autotask.o(i.Send_to_PC)
    SysTick_Handler                          0x08002d95   Thumb Code     8  stm32f10x_it.o(i.SysTick_Handler)
    Sys_Init                                 0x08002d9d   Thumb Code     8  main.o(i.Sys_Init)
    SystemInit                               0x08002da5   Thumb Code    68  system_stm32f10x.o(i.SystemInit)
    TIM6_Configration                        0x08002df5   Thumb Code    96  delay.o(i.TIM6_Configration)
    TIM6_IRQHandler                          0x08002e59   Thumb Code    34  delay.o(i.TIM6_IRQHandler)
    TIM7_Configration                        0x08002e85   Thumb Code    96  delay.o(i.TIM7_Configration)
    TIM7_IRQHandler                          0x08002ee9   Thumb Code    34  delay.o(i.TIM7_IRQHandler)
    TIM_ARRPreloadConfig                     0x08002f15   Thumb Code    24  stm32f10x_tim.o(i.TIM_ARRPreloadConfig)
    TIM_ClearITPendingBit                    0x08002f2d   Thumb Code     6  stm32f10x_tim.o(i.TIM_ClearITPendingBit)
    TIM_Cmd                                  0x08002f33   Thumb Code    24  stm32f10x_tim.o(i.TIM_Cmd)
    TIM_GetITStatus                          0x08002f4b   Thumb Code    34  stm32f10x_tim.o(i.TIM_GetITStatus)
    TIM_ITConfig                             0x08002f6d   Thumb Code    18  stm32f10x_tim.o(i.TIM_ITConfig)
    TIM_TimeBaseInit                         0x08002f81   Thumb Code   122  stm32f10x_tim.o(i.TIM_TimeBaseInit)
    UART5_IRQHandler                         0x08003025   Thumb Code    26  usart5_calib.o(i.UART5_IRQHandler)
    USART1_Configuration                     0x08003049   Thumb Code    16  usart1_wifi.o(i.USART1_Configuration)
    USART1_IRQHandler                        0x08003059   Thumb Code   134  bsp_esp8266.o(i.USART1_IRQHandler)
    USART2_Configuration                     0x080030f9   Thumb Code   402  uart.o(i.USART2_Configuration)
    USART3_Configuration                     0x080032a1   Thumb Code   266  usart3_remote.o(i.USART3_Configuration)
    USART3_IRQHandler                        0x080033c1   Thumb Code    78  usart3_remote.o(i.USART3_IRQHandler)
    USART5_Configuration                     0x08003421   Thumb Code   156  usart5_calib.o(i.USART5_Configuration)
    USART_Cmd                                0x080034c9   Thumb Code    24  stm32f10x_usart.o(i.USART_Cmd)
    USART_DMACmd                             0x080034e1   Thumb Code    18  stm32f10x_usart.o(i.USART_DMACmd)
    USART_DeInit                             0x080034f5   Thumb Code   134  stm32f10x_usart.o(i.USART_DeInit)
    USART_GetFlagStatus                      0x08003591   Thumb Code    26  stm32f10x_usart.o(i.USART_GetFlagStatus)
    USART_GetITStatus                        0x080035ab   Thumb Code    84  stm32f10x_usart.o(i.USART_GetITStatus)
    USART_ITConfig                           0x080035ff   Thumb Code    74  stm32f10x_usart.o(i.USART_ITConfig)
    USART_Init                               0x08003649   Thumb Code   210  stm32f10x_usart.o(i.USART_Init)
    USART_ReceiveData                        0x08003721   Thumb Code    10  stm32f10x_usart.o(i.USART_ReceiveData)
    USART_SendData                           0x0800372b   Thumb Code     8  stm32f10x_usart.o(i.USART_SendData)
    USART_printf                             0x08003733   Thumb Code   262  common.o(i.USART_printf)
    UsageFault_Handler                       0x08003839   Thumb Code     4  stm32f10x_it.o(i.UsageFault_Handler)
    chassis_PID_Init                         0x0800383d   Thumb Code   180  chassis_task.o(i.chassis_PID_Init)
    delay_ms                                 0x0800390d   Thumb Code    36  delay.o(i.delay_ms)
    getCrc8                                  0x08003939   Thumb Code    56  data_dispose.o(i.getCrc8)
    main                                     0x080039d5   Thumb Code   136  main.o(i.main)
    pvPortMalloc                             0x08003f11   Thumb Code   188  heap_4.o(i.pvPortMalloc)
    pxPortInitialiseStack                    0x08003fe1   Thumb Code    30  port.o(i.pxPortInitialiseStack)
    ulTaskNotifyTake                         0x08004005   Thumb Code   108  tasks.o(i.ulTaskNotifyTake)
    usartSendData                            0x08004079   Thumb Code   156  data_dispose.o(i.usartSendData)
    uxListRemove                             0x08004135   Thumb Code    40  list.o(i.uxListRemove)
    vListInitialise                          0x0800415d   Thumb Code    26  list.o(i.vListInitialise)
    vListInitialiseItem                      0x08004177   Thumb Code     6  list.o(i.vListInitialiseItem)
    vListInsert                              0x0800417d   Thumb Code    52  list.o(i.vListInsert)
    vListInsertEnd                           0x080041b1   Thumb Code    24  list.o(i.vListInsertEnd)
    vPortEnterCritical                       0x080041c9   Thumb Code    30  port.o(i.vPortEnterCritical)
    vPortExitCritical                        0x080041ed   Thumb Code    28  port.o(i.vPortExitCritical)
    vPortFree                                0x0800420d   Thumb Code    64  heap_4.o(i.vPortFree)
    vPortSetupTimerInterrupt                 0x08004255   Thumb Code    26  port.o(i.vPortSetupTimerInterrupt)
    vTaskDelay                               0x08004275   Thumb Code    46  tasks.o(i.vTaskDelay)
    vTaskResume                              0x080042a9   Thumb Code   104  tasks.o(i.vTaskResume)
    vTaskStartScheduler                      0x08004321   Thumb Code    76  tasks.o(i.vTaskStartScheduler)
    vTaskSuspend                             0x0800438d   Thumb Code   160  tasks.o(i.vTaskSuspend)
    vTaskSuspendAll                          0x08004449   Thumb Code    12  tasks.o(i.vTaskSuspendAll)
    vTaskSwitchContext                       0x08004459   Thumb Code   128  tasks.o(i.vTaskSwitchContext)
    xPortStartScheduler                      0x080044f9   Thumb Code    42  port.o(i.xPortStartScheduler)
    xPortSysTickHandler                      0x0800452d   Thumb Code    46  port.o(i.xPortSysTickHandler)
    xTaskCreate                              0x08004561   Thumb Code    96  tasks.o(i.xTaskCreate)
    xTaskGenericNotify                       0x080045c1   Thumb Code   178  tasks.o(i.xTaskGenericNotify)
    xTaskIncrementTick                       0x08004685   Thumb Code   238  tasks.o(i.xTaskIncrementTick)
    xTaskResumeAll                           0x080047a1   Thumb Code   196  tasks.o(i.xTaskResumeAll)
    __aeabi_d2f                              0x08004889   Thumb Code     0  d2f.o(x$fpl$d2f)
    _d2f                                     0x08004889   Thumb Code    98  d2f.o(x$fpl$d2f)
    __aeabi_dadd                             0x080048ed   Thumb Code     0  daddsub_clz.o(x$fpl$dadd)
    _dadd                                    0x080048ed   Thumb Code   332  daddsub_clz.o(x$fpl$dadd)
    __fpl_dcmp_Inf                           0x08004a3d   Thumb Code    24  dcmpi.o(x$fpl$dcmpinf)
    __aeabi_ddiv                             0x08004a55   Thumb Code     0  ddiv.o(x$fpl$ddiv)
    _ddiv                                    0x08004a55   Thumb Code   552  ddiv.o(x$fpl$ddiv)
    __aeabi_cdcmple                          0x08004d05   Thumb Code     0  dleqf.o(x$fpl$dleqf)
    _dcmple                                  0x08004d05   Thumb Code   120  dleqf.o(x$fpl$dleqf)
    __fpl_dcmple_InfNaN                      0x08004d67   Thumb Code     0  dleqf.o(x$fpl$dleqf)
    __aeabi_dmul                             0x08004d7d   Thumb Code     0  dmul.o(x$fpl$dmul)
    _dmul                                    0x08004d7d   Thumb Code   332  dmul.o(x$fpl$dmul)
    __fpl_dnaninf                            0x08004ed1   Thumb Code   156  dnaninf.o(x$fpl$dnaninf)
    __fpl_dretinf                            0x08004f6d   Thumb Code    12  dretinf.o(x$fpl$dretinf)
    __aeabi_cdrcmple                         0x08004f79   Thumb Code     0  drleqf.o(x$fpl$drleqf)
    _drcmple                                 0x08004f79   Thumb Code   108  drleqf.o(x$fpl$drleqf)
    __aeabi_dsub                             0x08004fe5   Thumb Code     0  daddsub_clz.o(x$fpl$dsub)
    _dsub                                    0x08004fe5   Thumb Code   464  daddsub_clz.o(x$fpl$dsub)
    __aeabi_f2d                              0x080051b9   Thumb Code     0  f2d.o(x$fpl$f2d)
    _f2d                                     0x080051b9   Thumb Code    86  f2d.o(x$fpl$f2d)
    __aeabi_fadd                             0x08005211   Thumb Code     0  faddsub_clz.o(x$fpl$fadd)
    _fadd                                    0x08005211   Thumb Code   196  faddsub_clz.o(x$fpl$fadd)
    __fpl_fcmp_Inf                           0x080052d5   Thumb Code    24  fcmpi.o(x$fpl$fcmpinf)
    __aeabi_f2iz                             0x080052ed   Thumb Code     0  ffix.o(x$fpl$ffix)
    _ffix                                    0x080052ed   Thumb Code    54  ffix.o(x$fpl$ffix)
    __aeabi_i2f                              0x08005325   Thumb Code     0  fflt_clz.o(x$fpl$fflt)
    _fflt                                    0x08005325   Thumb Code    48  fflt_clz.o(x$fpl$fflt)
    __aeabi_cfcmple                          0x08005355   Thumb Code     0  fleqf.o(x$fpl$fleqf)
    _fcmple                                  0x08005355   Thumb Code   104  fleqf.o(x$fpl$fleqf)
    __fpl_fcmple_InfNaN                      0x080053a7   Thumb Code     0  fleqf.o(x$fpl$fleqf)
    __aeabi_fmul                             0x080053bd   Thumb Code     0  fmul.o(x$fpl$fmul)
    _fmul                                    0x080053bd   Thumb Code   258  fmul.o(x$fpl$fmul)
    __fpl_fnaninf                            0x080054bf   Thumb Code   140  fnaninf.o(x$fpl$fnaninf)
    __fpl_fretinf                            0x0800554b   Thumb Code    10  fretinf.o(x$fpl$fretinf)
    __aeabi_cfrcmple                         0x08005555   Thumb Code     0  frleqf.o(x$fpl$frleqf)
    _frcmple                                 0x08005555   Thumb Code    98  frleqf.o(x$fpl$frleqf)
    __aeabi_fsub                             0x080055b9   Thumb Code     0  faddsub_clz.o(x$fpl$fsub)
    _fsub                                    0x080055b9   Thumb Code   234  faddsub_clz.o(x$fpl$fsub)
    __I$use$fp                               0x080056a2   Number         0  usenofp.o(x$fpl$usenofp)
    SystemFrequency                          0x080056a4   Data           4  system_stm32f10x.o(.constdata)
    SystemFrequency_SysClk                   0x080056a8   Data           4  system_stm32f10x.o(.constdata)
    SystemFrequency_AHBClk                   0x080056ac   Data           4  system_stm32f10x.o(.constdata)
    SystemFrequency_APB1Clk                  0x080056b0   Data           4  system_stm32f10x.o(.constdata)
    SystemFrequency_APB2Clk                  0x080056b4   Data           4  system_stm32f10x.o(.constdata)
    header                                   0x080056b8   Data           2  data_dispose.o(.constdata)
    ender                                    0x080056ba   Data           2  data_dispose.o(.constdata)
    Region$$Table$$Base                      0x080056d8   Number         0  anon$$obj.o(Region$$Table)
    Region$$Table$$Limit                     0x080056f8   Number         0  anon$$obj.o(Region$$Table)
    CPU_RunTime                              0x20000000   Data           4  main.o(.data)
    ActionTaskHandle                         0x20000004   Data           4  main.o(.data)
    chassisTaskHandle                        0x20000008   Data           4  main.o(.data)
    LedTaskHandle                            0x2000000c   Data           4  main.o(.data)
    PCReceiveTaskHandle                      0x20000010   Data           4  main.o(.data)
    AutoTaskHandle                           0x20000014   Data           4  main.o(.data)
    delayus_cnt                              0x20000018   Data           4  delay.o(.data)
    delayms_cnt                              0x2000001c   Data           4  delay.o(.data)
    pxCurrentTCB                             0x20000034   Data           4  tasks.o(.data)
    suspend_remote                           0x20000084   Data           4  action_task.o(.data)
    suspend_auto                             0x20000088   Data           4  action_task.o(.data)
    x                                        0x2000008c   Data           4  autotask.o(.data)
    y                                        0x20000090   Data           4  autotask.o(.data)
    theta                                    0x20000094   Data           4  autotask.o(.data)
    w                                        0x20000098   Data           4  autotask.o(.data)
    x_park_flag                              0x2000009c   Data           2  autotask.o(.data)
    y_park_flag                              0x2000009e   Data           2  autotask.o(.data)
    w_park_flag                              0x200000a0   Data           2  autotask.o(.data)
    init_flag                                0x200000a2   Data           2  autotask.o(.data)
    init_Angle                               0x200000a4   Data           8  autotask.o(.data)
    carSpeedx                                0x200000ac   Data           4  autotask.o(.data)
    carSpeedy                                0x200000b0   Data           4  autotask.o(.data)
    carSpeedw                                0x200000b4   Data           4  autotask.o(.data)
    deltLeft                                 0x200000b8   Data           2  autotask.o(.data)
    deltRight                                0x200000ba   Data           2  autotask.o(.data)
    inverse                                  0x200000bc   Data           2  autotask.o(.data)
    Send_data                                0x200000be   Data           8  autotask.o(.data)
    time                                     0x200000c8   Data           4  autotask.o(.data)
    time_chaju                               0x200000cc   Data           4  autotask.o(.data)
    time_last                                0x200000d0   Data           4  autotask.o(.data)
    y_show                                   0x200000d8   Data           4  autotask.o(.data)
    positionNow                              0x200000dc   Data           4  autotask.o(.data)
    x_Actual                                 0x200000e0   Data           2  data_dispose.o(.data)
    y_Actual                                 0x200000e2   Data           2  data_dispose.o(.data)
    w_Actual                                 0x200000e4   Data           2  data_dispose.o(.data)
    angleNow                                 0x200000e6   Data           2  data_dispose.o(.data)
    x_Ctrl                                   0x200000e8   Data           2  data_dispose.o(.data)
    y_Ctrl                                   0x200000ea   Data           2  data_dispose.o(.data)
    z_Ctrl                                   0x200000ec   Data           2  data_dispose.o(.data)
    NowAngleLeftFront                        0x200000ee   Data           4  can1_chassis.o(.data)
    NowAngleRightFront                       0x200000f2   Data           4  can1_chassis.o(.data)
    NowAngleLeftBack                         0x200000f6   Data           4  can1_chassis.o(.data)
    NowAngleRightBack                        0x200000fa   Data           4  can1_chassis.o(.data)
    ledCmd                                   0x20000100   Data          12  bsp_esp8266_test.o(.data)
    ucTcpClosedFlag                          0x2000010c   Data           1  bsp_esp8266_test.o(.data)
    contol                                   0x2000010d   Data           1  bsp_esp8266_test.o(.data)
    F105                                     0x20000130   Data         700  main.o(.bss)
    Park_x                                   0x200006d0   Data          56  chassis_task.o(.bss)
    Park_y                                   0x20000708   Data          56  chassis_task.o(.bss)
    Park_theta                               0x20000740   Data          56  chassis_task.o(.bss)
    tx                                       0x20000778   Data          20  autotask.o(.bss)
    position                                 0x2000078c   Data          56  autotask.o(.bss)
    SaveBuffer                               0x200007c4   Data         200  data_dispose.o(.bss)
    chassis_ctrl                             0x2000088c   Data          16  data_dispose.o(.bss)
    rx0                                      0x2000089c   Data          20  can1_chassis.o(.bss)
    rx1                                      0x200008b0   Data          20  can1_chassis.o(.bss)
    strEsp8266_Fram_Record                   0x200008c4   Data        1026  bsp_esp8266.o(.bss)
    strUSART_Fram_Record                     0x20000cc6   Data        1026  bsp_esp8266.o(.bss)
    uart3_RxBuffer                           0x200010c8   Data          18  usart3_remote.o(.bss)
    RC_Ctl                                   0x200010da   Data          12  usart3_remote.o(.bss)
    JudgeReceiveBuffer                       0x200010e6   Data          26  uart.o(.bss)
    JudgeSend                                0x20001100   Data          15  uart.o(.bss)
    __libspace_start                         0x20005510   Data          96  libspace.o(.bss)
    __temporary_stack_top$libspace           0x20005570   Data           0  libspace.o(.bss)



==============================================================================

Memory Map of the image

  Image Entry point : 0x08000151

  Load Region LR_IROM1 (Base: 0x08000000, Size: 0x00005828, Max: 0x00020000, ABSOLUTE, COMPRESSED[0x00005720])

    Execution Region ER_IROM1 (Exec base: 0x08000000, Load base: 0x08000000, Size: 0x000056f8, Max: 0x00020000, ABSOLUTE)

    Exec Addr    Load Addr    Size         Type   Attr      Idx    E Section Name        Object

    0x08000000   0x08000000   0x00000150   Data   RO         3251    RESET               startup_stm32f10x_cl.o
    0x08000150   0x08000150   0x00000008   Code   RO         4700  * !!!main             c_w.l(__main.o)
    0x08000158   0x08000158   0x00000034   Code   RO         4929    !!!scatter          c_w.l(__scatter.o)
    0x0800018c   0x0800018c   0x0000005a   Code   RO         4927    !!dczerorl2         c_w.l(__dczerorl2.o)
    0x080001e6   0x080001e6   0x00000002   PAD
    0x080001e8   0x080001e8   0x0000001c   Code   RO         4931    !!handler_zi        c_w.l(__scatter_zi.o)
    0x08000204   0x08000204   0x00000000   Code   RO         4685    .ARM.Collect$$_printf_percent$$00000000  c_w.l(_printf_percent.o)
    0x08000204   0x08000204   0x00000006   Code   RO         4683    .ARM.Collect$$_printf_percent$$00000009  c_w.l(_printf_d.o)
    0x0800020a   0x0800020a   0x00000006   Code   RO         4682    .ARM.Collect$$_printf_percent$$00000014  c_w.l(_printf_s.o)
    0x08000210   0x08000210   0x00000004   Code   RO         4753    .ARM.Collect$$_printf_percent$$00000017  c_w.l(_printf_percent_end.o)
    0x08000214   0x08000214   0x00000002   Code   RO         4797    .ARM.Collect$$libinit$$00000000  c_w.l(libinit.o)
    0x08000216   0x08000216   0x00000000   Code   RO         4804    .ARM.Collect$$libinit$$00000002  c_w.l(libinit2.o)
    0x08000216   0x08000216   0x00000000   Code   RO         4806    .ARM.Collect$$libinit$$00000004  c_w.l(libinit2.o)
    0x08000216   0x08000216   0x00000000   Code   RO         4809    .ARM.Collect$$libinit$$0000000A  c_w.l(libinit2.o)
    0x08000216   0x08000216   0x00000000   Code   RO         4811    .ARM.Collect$$libinit$$0000000C  c_w.l(libinit2.o)
    0x08000216   0x08000216   0x00000000   Code   RO         4813    .ARM.Collect$$libinit$$0000000E  c_w.l(libinit2.o)
    0x08000216   0x08000216   0x00000000   Code   RO         4816    .ARM.Collect$$libinit$$00000011  c_w.l(libinit2.o)
    0x08000216   0x08000216   0x00000000   Code   RO         4818    .ARM.Collect$$libinit$$00000013  c_w.l(libinit2.o)
    0x08000216   0x08000216   0x00000000   Code   RO         4820    .ARM.Collect$$libinit$$00000015  c_w.l(libinit2.o)
    0x08000216   0x08000216   0x00000000   Code   RO         4822    .ARM.Collect$$libinit$$00000017  c_w.l(libinit2.o)
    0x08000216   0x08000216   0x00000000   Code   RO         4824    .ARM.Collect$$libinit$$00000019  c_w.l(libinit2.o)
    0x08000216   0x08000216   0x00000000   Code   RO         4826    .ARM.Collect$$libinit$$0000001B  c_w.l(libinit2.o)
    0x08000216   0x08000216   0x00000000   Code   RO         4828    .ARM.Collect$$libinit$$0000001D  c_w.l(libinit2.o)
    0x08000216   0x08000216   0x00000000   Code   RO         4830    .ARM.Collect$$libinit$$0000001F  c_w.l(libinit2.o)
    0x08000216   0x08000216   0x00000000   Code   RO         4832    .ARM.Collect$$libinit$$00000021  c_w.l(libinit2.o)
    0x08000216   0x08000216   0x00000000   Code   RO         4834    .ARM.Collect$$libinit$$00000023  c_w.l(libinit2.o)
    0x08000216   0x08000216   0x00000000   Code   RO         4836    .ARM.Collect$$libinit$$00000025  c_w.l(libinit2.o)
    0x08000216   0x08000216   0x00000000   Code   RO         4840    .ARM.Collect$$libinit$$0000002C  c_w.l(libinit2.o)
    0x08000216   0x08000216   0x00000000   Code   RO         4842    .ARM.Collect$$libinit$$0000002E  c_w.l(libinit2.o)
    0x08000216   0x08000216   0x00000000   Code   RO         4844    .ARM.Collect$$libinit$$00000030  c_w.l(libinit2.o)
    0x08000216   0x08000216   0x00000000   Code   RO         4846    .ARM.Collect$$libinit$$00000032  c_w.l(libinit2.o)
    0x08000216   0x08000216   0x00000002   Code   RO         4847    .ARM.Collect$$libinit$$00000033  c_w.l(libinit2.o)
    0x08000218   0x08000218   0x00000002   Code   RO         4867    .ARM.Collect$$libshutdown$$00000000  c_w.l(libshutdown.o)
    0x0800021a   0x0800021a   0x00000000   Code   RO         4880    .ARM.Collect$$libshutdown$$00000002  c_w.l(libshutdown2.o)
    0x0800021a   0x0800021a   0x00000000   Code   RO         4882    .ARM.Collect$$libshutdown$$00000004  c_w.l(libshutdown2.o)
    0x0800021a   0x0800021a   0x00000000   Code   RO         4885    .ARM.Collect$$libshutdown$$00000007  c_w.l(libshutdown2.o)
    0x0800021a   0x0800021a   0x00000000   Code   RO         4888    .ARM.Collect$$libshutdown$$0000000A  c_w.l(libshutdown2.o)
    0x0800021a   0x0800021a   0x00000000   Code   RO         4890    .ARM.Collect$$libshutdown$$0000000C  c_w.l(libshutdown2.o)
    0x0800021a   0x0800021a   0x00000000   Code   RO         4893    .ARM.Collect$$libshutdown$$0000000F  c_w.l(libshutdown2.o)
    0x0800021a   0x0800021a   0x00000002   Code   RO         4894    .ARM.Collect$$libshutdown$$00000010  c_w.l(libshutdown2.o)
    0x0800021c   0x0800021c   0x00000000   Code   RO         4744    .ARM.Collect$$rtentry$$00000000  c_w.l(__rtentry.o)
    0x0800021c   0x0800021c   0x00000000   Code   RO         4772    .ARM.Collect$$rtentry$$00000002  c_w.l(__rtentry2.o)
    0x0800021c   0x0800021c   0x00000006   Code   RO         4784    .ARM.Collect$$rtentry$$00000004  c_w.l(__rtentry4.o)
    0x08000222   0x08000222   0x00000000   Code   RO         4774    .ARM.Collect$$rtentry$$00000009  c_w.l(__rtentry2.o)
    0x08000222   0x08000222   0x00000004   Code   RO         4775    .ARM.Collect$$rtentry$$0000000A  c_w.l(__rtentry2.o)
    0x08000226   0x08000226   0x00000000   Code   RO         4777    .ARM.Collect$$rtentry$$0000000C  c_w.l(__rtentry2.o)
    0x08000226   0x08000226   0x00000008   Code   RO         4778    .ARM.Collect$$rtentry$$0000000D  c_w.l(__rtentry2.o)
    0x0800022e   0x0800022e   0x00000002   Code   RO         4801    .ARM.Collect$$rtexit$$00000000  c_w.l(rtexit.o)
    0x08000230   0x08000230   0x00000000   Code   RO         4849    .ARM.Collect$$rtexit$$00000002  c_w.l(rtexit2.o)
    0x08000230   0x08000230   0x00000004   Code   RO         4850    .ARM.Collect$$rtexit$$00000003  c_w.l(rtexit2.o)
    0x08000234   0x08000234   0x00000006   Code   RO         4851    .ARM.Collect$$rtexit$$00000004  c_w.l(rtexit2.o)
    0x0800023a   0x0800023a   0x00000002   PAD
    0x0800023c   0x0800023c   0x00000096   Code   RO         4578    .emb_text           port.o
    0x080002d2   0x080002d2   0x00000002   PAD
    0x080002d4   0x080002d4   0x00000040   Code   RO         3252    .text               startup_stm32f10x_cl.o
    0x08000314   0x08000314   0x00000028   Code   RO         4653    .text               c_w.l(noretval__2sprintf.o)
    0x0800033c   0x0800033c   0x00000068   Code   RO         4655    .text               c_w.l(__printf.o)
    0x080003a4   0x080003a4   0x00000052   Code   RO         4657    .text               c_w.l(_printf_str.o)
    0x080003f6   0x080003f6   0x00000002   PAD
    0x080003f8   0x080003f8   0x00000078   Code   RO         4659    .text               c_w.l(_printf_dec.o)
    0x08000470   0x08000470   0x00000024   Code   RO         4686    .text               c_w.l(strstr.o)
    0x08000494   0x08000494   0x0000008a   Code   RO         4692    .text               c_w.l(rt_memcpy_v6.o)
    0x0800051e   0x0800051e   0x00000010   Code   RO         4694    .text               c_w.l(aeabi_memset.o)
    0x0800052e   0x0800052e   0x0000004e   Code   RO         4696    .text               c_w.l(rt_memclr_w.o)
    0x0800057c   0x0800057c   0x00000006   Code   RO         4698    .text               c_w.l(heapauxi.o)
    0x08000582   0x08000582   0x000000b2   Code   RO         4745    .text               c_w.l(_printf_intcommon.o)
    0x08000634   0x08000634   0x00000030   Code   RO         4747    .text               c_w.l(_printf_char_common.o)
    0x08000664   0x08000664   0x0000000a   Code   RO         4749    .text               c_w.l(_sputc.o)
    0x0800066e   0x0800066e   0x0000002c   Code   RO         4751    .text               c_w.l(_printf_char.o)
    0x0800069a   0x0800069a   0x00000064   Code   RO         4754    .text               c_w.l(rt_memcpy_w.o)
    0x080006fe   0x080006fe   0x00000044   Code   RO         4756    .text               c_w.l(rt_memclr.o)
    0x08000742   0x08000742   0x0000004a   Code   RO         4788    .text               c_w.l(sys_stackheap_outer.o)
    0x0800078c   0x0800078c   0x00000012   Code   RO         4790    .text               c_w.l(exit.o)
    0x0800079e   0x0800079e   0x00000002   PAD
    0x080007a0   0x080007a0   0x00000008   Code   RO         4798    .text               c_w.l(libspace.o)
    0x080007a8   0x080007a8   0x0000000c   Code   RO         4859    .text               c_w.l(sys_exit.o)
    0x080007b4   0x080007b4   0x00000002   Code   RO         4870    .text               c_w.l(use_no_semi.o)
    0x080007b6   0x080007b6   0x00000000   Code   RO         4872    .text               c_w.l(indicate_semi.o)
    0x080007b6   0x080007b6   0x00000002   PAD
    0x080007b8   0x080007b8   0x000000c8   Code   RO         4020    i.ActionTask        action_task.o
    0x08000880   0x08000880   0x00000640   Code   RO         4072    i.AutoTask          autotask.o
    0x08000ec0   0x08000ec0   0x0000003c   Code   RO            1    i.BSP_Init          main.o
    0x08000efc   0x08000efc   0x00000004   Code   RO          315    i.BusFault_Handler  stm32f10x_it.o
    0x08000f00   0x08000f00   0x0000013c   Code   RO         4212    i.CAN1_Configuration  can1_chassis.o
    0x0800103c   0x0800103c   0x00000030   Code   RO         4213    i.CAN1_RX0_IRQHandler  can1_chassis.o
    0x0800106c   0x0800106c   0x00000108   Code   RO         4214    i.CAN2_Configuration  can1_chassis.o
    0x08001174   0x08001174   0x00000030   Code   RO         4215    i.CAN2_RX0_IRQHandler  can1_chassis.o
    0x080011a4   0x080011a4   0x000000a8   Code   RO          707    i.CAN_ClearITPendingBit  stm32f10x_can.o
    0x0800124c   0x0800124c   0x000000e8   Code   RO         4216    i.CAN_DataReceive   can1_chassis.o
    0x08001334   0x08001334   0x00000038   Code   RO          709    i.CAN_DeInit        stm32f10x_can.o
    0x0800136c   0x0800136c   0x00000108   Code   RO          711    i.CAN_FilterInit    stm32f10x_can.o
    0x08001474   0x08001474   0x00000120   Code   RO          713    i.CAN_GetITStatus   stm32f10x_can.o
    0x08001594   0x08001594   0x00000012   Code   RO          717    i.CAN_ITConfig      stm32f10x_can.o
    0x080015a6   0x080015a6   0x00000114   Code   RO          718    i.CAN_Init          stm32f10x_can.o
    0x080016ba   0x080016ba   0x000000f0   Code   RO          721    i.CAN_Receive       stm32f10x_can.o
    0x080017aa   0x080017aa   0x00000020   Code   RO          724    i.CAN_StructInit    stm32f10x_can.o
    0x080017ca   0x080017ca   0x00000126   Code   RO          726    i.CAN_Transmit      stm32f10x_can.o
    0x080018f0   0x080018f0   0x00000148   Code   RO         4073    i.Cal_speed         autotask.o
    0x08001a38   0x08001a38   0x00000350   Code   RO         3997    i.ChassisTask       chassis_task.o
    0x08001d88   0x08001d88   0x00000012   Code   RO          729    i.CheckITStatus     stm32f10x_can.o
    0x08001d9a   0x08001d9a   0x00000002   PAD
    0x08001d9c   0x08001d9c   0x00000020   Code   RO         4502    i.DMA1_Channel6_IRQHandler  uart.o
    0x08001dbc   0x08001dbc   0x0000002c   Code   RO         4503    i.DMA1_Channel7_IRQHandler  uart.o
    0x08001de8   0x08001de8   0x0000001c   Code   RO         1160    i.DMA_ClearFlag     stm32f10x_dma.o
    0x08001e04   0x08001e04   0x0000001c   Code   RO         1161    i.DMA_ClearITPendingBit  stm32f10x_dma.o
    0x08001e20   0x08001e20   0x00000018   Code   RO         1162    i.DMA_Cmd           stm32f10x_dma.o
    0x08001e38   0x08001e38   0x0000014c   Code   RO         1163    i.DMA_DeInit        stm32f10x_dma.o
    0x08001f84   0x08001f84   0x00000008   Code   RO         1164    i.DMA_GetCurrDataCounter  stm32f10x_dma.o
    0x08001f8c   0x08001f8c   0x0000002c   Code   RO         1165    i.DMA_GetFlagStatus  stm32f10x_dma.o
    0x08001fb8   0x08001fb8   0x0000002c   Code   RO         1166    i.DMA_GetITStatus   stm32f10x_dma.o
    0x08001fe4   0x08001fe4   0x00000012   Code   RO         1167    i.DMA_ITConfig      stm32f10x_dma.o
    0x08001ff6   0x08001ff6   0x0000003c   Code   RO         1168    i.DMA_Init          stm32f10x_dma.o
    0x08002032   0x08002032   0x00000004   Code   RO         1169    i.DMA_SetCurrDataCounter  stm32f10x_dma.o
    0x08002036   0x08002036   0x00000002   Code   RO          316    i.DebugMon_Handler  stm32f10x_it.o
    0x08002038   0x08002038   0x000000b4   Code   RO         4400    i.ESP8266_CheckRecvDataTest  bsp_esp8266_test.o
    0x080020ec   0x080020ec   0x000000cc   Code   RO         4267    i.ESP8266_Cmd       bsp_esp8266.o
    0x080021b8   0x080021b8   0x00000020   Code   RO         4269    i.ESP8266_ExitUnvarnishSend  bsp_esp8266.o
    0x080021d8   0x080021d8   0x00000040   Code   RO         4270    i.ESP8266_GPIO_Config  bsp_esp8266.o
    0x08002218   0x08002218   0x0000007c   Code   RO         4272    i.ESP8266_Get_LinkStatus  bsp_esp8266.o
    0x08002294   0x08002294   0x00000024   Code   RO         4273    i.ESP8266_Init      bsp_esp8266.o
    0x080022b8   0x080022b8   0x00000040   Code   RO         4275    i.ESP8266_JoinAP    bsp_esp8266.o
    0x080022f8   0x080022f8   0x000000c0   Code   RO         4276    i.ESP8266_Link_Server  bsp_esp8266.o
    0x080023b8   0x080023b8   0x0000009c   Code   RO         4282    i.ESP8266_USART_Config  bsp_esp8266.o
    0x08002454   0x08002454   0x00000028   Code   RO         4283    i.ESP8266_USART_NVIC_Configuration  bsp_esp8266.o
    0x0800247c   0x0800247c   0x0000004c   Code   RO         4284    i.ESP8266_UnvarnishSend  bsp_esp8266.o
    0x080024c8   0x080024c8   0x00000116   Code   RO         1361    i.GPIO_Init         stm32f10x_gpio.o
    0x080025de   0x080025de   0x00000002   PAD
    0x080025e0   0x080025e0   0x00000090   Code   RO         1363    i.GPIO_PinRemapConfig  stm32f10x_gpio.o
    0x08002670   0x08002670   0x00000004   Code   RO         1368    i.GPIO_ResetBits    stm32f10x_gpio.o
    0x08002674   0x08002674   0x00000004   Code   RO         1369    i.GPIO_SetBits      stm32f10x_gpio.o
    0x08002678   0x08002678   0x00000004   Code   RO          317    i.HardFault_Handler  stm32f10x_it.o
    0x0800267c   0x0800267c   0x000000ec   Code   RO         4107    i.JudgeBuffReceive  data_dispose.o
    0x08002768   0x08002768   0x00000050   Code   RO         4036    i.LED_Configuration  led_task.o
    0x080027b8   0x080027b8   0x00000064   Code   RO         4037    i.LedTask           led_task.o
    0x0800281c   0x0800281c   0x00000004   Code   RO          318    i.MemManage_Handler  stm32f10x_it.o
    0x08002820   0x08002820   0x00000002   Code   RO          319    i.NMI_Handler       stm32f10x_it.o
    0x08002822   0x08002822   0x00000002   PAD
    0x08002824   0x08002824   0x00000070   Code   RO          366    i.NVIC_Init         misc.o
    0x08002894   0x08002894   0x00000014   Code   RO          367    i.NVIC_PriorityGroupConfig  misc.o
    0x080028a8   0x080028a8   0x00000028   Code   RO         4059    i.PCReceiveTask     pcreceivetask.o
    0x080028d0   0x080028d0   0x000000cc   Code   RO         3302    i.PID_Cal           pid.o
    0x0800299c   0x0800299c   0x00000012   Code   RO         3303    i.PID_init          pid.o
    0x080029ae   0x080029ae   0x00000002   PAD
    0x080029b0   0x080029b0   0x00000020   Code   RO         1782    i.RCC_AHBPeriphClockCmd  stm32f10x_rcc.o
    0x080029d0   0x080029d0   0x00000020   Code   RO         1784    i.RCC_APB1PeriphClockCmd  stm32f10x_rcc.o
    0x080029f0   0x080029f0   0x00000020   Code   RO         1785    i.RCC_APB1PeriphResetCmd  stm32f10x_rcc.o
    0x08002a10   0x08002a10   0x00000020   Code   RO         1786    i.RCC_APB2PeriphClockCmd  stm32f10x_rcc.o
    0x08002a30   0x08002a30   0x00000020   Code   RO         1787    i.RCC_APB2PeriphResetCmd  stm32f10x_rcc.o
    0x08002a50   0x08002a50   0x0000018c   Code   RO         1794    i.RCC_GetClocksFreq  stm32f10x_rcc.o
    0x08002bdc   0x08002bdc   0x00000060   Code   RO         4453    i.RemoteReceive     usart3_remote.o
    0x08002c3c   0x08002c3c   0x0000006c   Code   RO         4074    i.Send_to_PC        autotask.o
    0x08002ca8   0x08002ca8   0x00000008   Code   RO          287    i.SetSysClock       system_stm32f10x.o
    0x08002cb0   0x08002cb0   0x000000e4   Code   RO          288    i.SetSysClockTo72   system_stm32f10x.o
    0x08002d94   0x08002d94   0x00000008   Code   RO          320    i.SysTick_Handler   stm32f10x_it.o
    0x08002d9c   0x08002d9c   0x00000008   Code   RO            2    i.Sys_Init          main.o
    0x08002da4   0x08002da4   0x00000050   Code   RO          289    i.SystemInit        system_stm32f10x.o
    0x08002df4   0x08002df4   0x00000064   Code   RO          192    i.TIM6_Configration  delay.o
    0x08002e58   0x08002e58   0x0000002c   Code   RO          193    i.TIM6_IRQHandler   delay.o
    0x08002e84   0x08002e84   0x00000064   Code   RO          194    i.TIM7_Configration  delay.o
    0x08002ee8   0x08002ee8   0x0000002c   Code   RO          195    i.TIM7_IRQHandler   delay.o
    0x08002f14   0x08002f14   0x00000018   Code   RO         2468    i.TIM_ARRPreloadConfig  stm32f10x_tim.o
    0x08002f2c   0x08002f2c   0x00000006   Code   RO         2475    i.TIM_ClearITPendingBit  stm32f10x_tim.o
    0x08002f32   0x08002f32   0x00000018   Code   RO         2480    i.TIM_Cmd           stm32f10x_tim.o
    0x08002f4a   0x08002f4a   0x00000022   Code   RO         2501    i.TIM_GetITStatus   stm32f10x_tim.o
    0x08002f6c   0x08002f6c   0x00000012   Code   RO         2505    i.TIM_ITConfig      stm32f10x_tim.o
    0x08002f7e   0x08002f7e   0x00000002   PAD
    0x08002f80   0x08002f80   0x000000a4   Code   RO         2551    i.TIM_TimeBaseInit  stm32f10x_tim.o
    0x08003024   0x08003024   0x00000024   Code   RO         4481    i.UART5_IRQHandler  usart5_calib.o
    0x08003048   0x08003048   0x00000010   Code   RO         4253    i.USART1_Configuration  usart1_wifi.o
    0x08003058   0x08003058   0x000000a0   Code   RO         4285    i.USART1_IRQHandler  bsp_esp8266.o
    0x080030f8   0x080030f8   0x000001a8   Code   RO         4504    i.USART2_Configuration  uart.o
    0x080032a0   0x080032a0   0x00000120   Code   RO         4454    i.USART3_Configuration  usart3_remote.o
    0x080033c0   0x080033c0   0x00000060   Code   RO         4455    i.USART3_IRQHandler  usart3_remote.o
    0x08003420   0x08003420   0x000000a8   Code   RO         4482    i.USART5_Configuration  usart5_calib.o
    0x080034c8   0x080034c8   0x00000018   Code   RO         3016    i.USART_Cmd         stm32f10x_usart.o
    0x080034e0   0x080034e0   0x00000012   Code   RO         3017    i.USART_DMACmd      stm32f10x_usart.o
    0x080034f2   0x080034f2   0x00000002   PAD
    0x080034f4   0x080034f4   0x0000009c   Code   RO         3018    i.USART_DeInit      stm32f10x_usart.o
    0x08003590   0x08003590   0x0000001a   Code   RO         3019    i.USART_GetFlagStatus  stm32f10x_usart.o
    0x080035aa   0x080035aa   0x00000054   Code   RO         3020    i.USART_GetITStatus  stm32f10x_usart.o
    0x080035fe   0x080035fe   0x0000004a   Code   RO         3022    i.USART_ITConfig    stm32f10x_usart.o
    0x08003648   0x08003648   0x000000d8   Code   RO         3023    i.USART_Init        stm32f10x_usart.o
    0x08003720   0x08003720   0x0000000a   Code   RO         3030    i.USART_ReceiveData  stm32f10x_usart.o
    0x0800372a   0x0800372a   0x00000008   Code   RO         3033    i.USART_SendData    stm32f10x_usart.o
    0x08003732   0x08003732   0x00000106   Code   RO         4431    i.USART_printf      common.o
    0x08003838   0x08003838   0x00000004   Code   RO          321    i.UsageFault_Handler  stm32f10x_it.o
    0x0800383c   0x0800383c   0x000000d0   Code   RO         3998    i.chassis_PID_Init  chassis_task.o
    0x0800390c   0x0800390c   0x0000002c   Code   RO          196    i.delay_ms          delay.o
    0x08003938   0x08003938   0x00000038   Code   RO         4108    i.getCrc8           data_dispose.o
    0x08003970   0x08003970   0x00000062   Code   RO         4432    i.itoa              common.o
    0x080039d2   0x080039d2   0x00000002   PAD
    0x080039d4   0x080039d4   0x000000e4   Code   RO            3    i.main              main.o
    0x08003ab8   0x08003ab8   0x00000098   Code   RO         3652    i.prvAddCurrentTaskToDelayedList  tasks.o
    0x08003b50   0x08003b50   0x000000b8   Code   RO         3653    i.prvAddNewTaskToReadyList  tasks.o
    0x08003c08   0x08003c08   0x00000064   Code   RO         3654    i.prvCheckTasksWaitingTermination  tasks.o
    0x08003c6c   0x08003c6c   0x00000012   Code   RO         3655    i.prvDeleteTCB      tasks.o
    0x08003c7e   0x08003c7e   0x00000002   PAD
    0x08003c80   0x08003c80   0x0000007c   Code   RO         4529    i.prvHeapInit       heap_4.o
    0x08003cfc   0x08003cfc   0x00000028   Code   RO         3656    i.prvIdleTask       tasks.o
    0x08003d24   0x08003d24   0x00000090   Code   RO         3657    i.prvInitialiseNewTask  tasks.o
    0x08003db4   0x08003db4   0x00000068   Code   RO         3658    i.prvInitialiseTaskLists  tasks.o
    0x08003e1c   0x08003e1c   0x00000068   Code   RO         4530    i.prvInsertBlockIntoFreeList  heap_4.o
    0x08003e84   0x08003e84   0x00000034   Code   RO         3660    i.prvResetNextTaskUnblockTime  tasks.o
    0x08003eb8   0x08003eb8   0x00000016   Code   RO         4579    i.prvTaskExitError  port.o
    0x08003ece   0x08003ece   0x00000002   PAD
    0x08003ed0   0x08003ed0   0x00000040   Code   RO         3662    i.prvTaskIsTaskSuspended  tasks.o
    0x08003f10   0x08003f10   0x000000d0   Code   RO         4531    i.pvPortMalloc      heap_4.o
    0x08003fe0   0x08003fe0   0x00000024   Code   RO         4580    i.pxPortInitialiseStack  port.o
    0x08004004   0x08004004   0x00000074   Code   RO         3664    i.ulTaskNotifyTake  tasks.o
    0x08004078   0x08004078   0x000000bc   Code   RO         4109    i.usartSendData     data_dispose.o
    0x08004134   0x08004134   0x00000028   Code   RO         3449    i.uxListRemove      list.o
    0x0800415c   0x0800415c   0x0000001a   Code   RO         3450    i.vListInitialise   list.o
    0x08004176   0x08004176   0x00000006   Code   RO         3451    i.vListInitialiseItem  list.o
    0x0800417c   0x0800417c   0x00000034   Code   RO         3452    i.vListInsert       list.o
    0x080041b0   0x080041b0   0x00000018   Code   RO         3453    i.vListInsertEnd    list.o
    0x080041c8   0x080041c8   0x00000024   Code   RO         4582    i.vPortEnterCritical  port.o
    0x080041ec   0x080041ec   0x00000020   Code   RO         4583    i.vPortExitCritical  port.o
    0x0800420c   0x0800420c   0x00000048   Code   RO         4532    i.vPortFree         heap_4.o
    0x08004254   0x08004254   0x00000020   Code   RO         4584    i.vPortSetupTimerInterrupt  port.o
    0x08004274   0x08004274   0x00000034   Code   RO         3671    i.vTaskDelay        tasks.o
    0x080042a8   0x080042a8   0x00000078   Code   RO         3683    i.vTaskResume       tasks.o
    0x08004320   0x08004320   0x0000006c   Code   RO         3686    i.vTaskStartScheduler  tasks.o
    0x0800438c   0x0800438c   0x000000bc   Code   RO         3687    i.vTaskSuspend      tasks.o
    0x08004448   0x08004448   0x00000010   Code   RO         3688    i.vTaskSuspendAll   tasks.o
    0x08004458   0x08004458   0x000000a0   Code   RO         3689    i.vTaskSwitchContext  tasks.o
    0x080044f8   0x080044f8   0x00000034   Code   RO         4585    i.xPortStartScheduler  port.o
    0x0800452c   0x0800452c   0x00000034   Code   RO         4586    i.xPortSysTickHandler  port.o
    0x08004560   0x08004560   0x00000060   Code   RO         3691    i.xTaskCreate       tasks.o
    0x080045c0   0x080045c0   0x000000c4   Code   RO         3692    i.xTaskGenericNotify  tasks.o
    0x08004684   0x08004684   0x0000011c   Code   RO         3697    i.xTaskIncrementTick  tasks.o
    0x080047a0   0x080047a0   0x000000e8   Code   RO         3702    i.xTaskResumeAll    tasks.o
    0x08004888   0x08004888   0x00000062   Code   RO         4702    x$fpl$d2f           fz_ws.l(d2f.o)
    0x080048ea   0x080048ea   0x00000002   PAD
    0x080048ec   0x080048ec   0x00000150   Code   RO         4704    x$fpl$dadd          fz_ws.l(daddsub_clz.o)
    0x08004a3c   0x08004a3c   0x00000018   Code   RO         4758    x$fpl$dcmpinf       fz_ws.l(dcmpi.o)
    0x08004a54   0x08004a54   0x000002b0   Code   RO         4711    x$fpl$ddiv          fz_ws.l(ddiv.o)
    0x08004d04   0x08004d04   0x00000078   Code   RO         4714    x$fpl$dleqf         fz_ws.l(dleqf.o)
    0x08004d7c   0x08004d7c   0x00000154   Code   RO         4716    x$fpl$dmul          fz_ws.l(dmul.o)
    0x08004ed0   0x08004ed0   0x0000009c   Code   RO         4760    x$fpl$dnaninf       fz_ws.l(dnaninf.o)
    0x08004f6c   0x08004f6c   0x0000000c   Code   RO         4762    x$fpl$dretinf       fz_ws.l(dretinf.o)
    0x08004f78   0x08004f78   0x0000006c   Code   RO         4718    x$fpl$drleqf        fz_ws.l(drleqf.o)
    0x08004fe4   0x08004fe4   0x000001d4   Code   RO         4706    x$fpl$dsub          fz_ws.l(daddsub_clz.o)
    0x080051b8   0x080051b8   0x00000056   Code   RO         4720    x$fpl$f2d           fz_ws.l(f2d.o)
    0x0800520e   0x0800520e   0x00000002   PAD
    0x08005210   0x08005210   0x000000c4   Code   RO         4722    x$fpl$fadd          fz_ws.l(faddsub_clz.o)
    0x080052d4   0x080052d4   0x00000018   Code   RO         4764    x$fpl$fcmpinf       fz_ws.l(fcmpi.o)
    0x080052ec   0x080052ec   0x00000036   Code   RO         4728    x$fpl$ffix          fz_ws.l(ffix.o)
    0x08005322   0x08005322   0x00000002   PAD
    0x08005324   0x08005324   0x00000030   Code   RO         4733    x$fpl$fflt          fz_ws.l(fflt_clz.o)
    0x08005354   0x08005354   0x00000068   Code   RO         4738    x$fpl$fleqf         fz_ws.l(fleqf.o)
    0x080053bc   0x080053bc   0x00000102   Code   RO         4740    x$fpl$fmul          fz_ws.l(fmul.o)
    0x080054be   0x080054be   0x0000008c   Code   RO         4766    x$fpl$fnaninf       fz_ws.l(fnaninf.o)
    0x0800554a   0x0800554a   0x0000000a   Code   RO         4768    x$fpl$fretinf       fz_ws.l(fretinf.o)
    0x08005554   0x08005554   0x00000062   Code   RO         4742    x$fpl$frleqf        fz_ws.l(frleqf.o)
    0x080055b6   0x080055b6   0x00000002   PAD
    0x080055b8   0x080055b8   0x000000ea   Code   RO         4724    x$fpl$fsub          fz_ws.l(faddsub_clz.o)
    0x080056a2   0x080056a2   0x00000000   Code   RO         4770    x$fpl$usenofp       fz_ws.l(usenofp.o)
    0x080056a2   0x080056a2   0x00000002   PAD
    0x080056a4   0x080056a4   0x00000014   Data   RO          290    .constdata          system_stm32f10x.o
    0x080056b8   0x080056b8   0x00000004   Data   RO         4111    .constdata          data_dispose.o
    0x080056bc   0x080056bc   0x0000001c   Data   RO         4403    .conststring        bsp_esp8266_test.o
    0x080056d8   0x080056d8   0x00000020   Data   RO         4925    Region$$Table       anon$$obj.o


    Execution Region RW_IRAM1 (Exec base: 0x20000000, Load base: 0x080056f8, Size: 0x00005b70, Max: 0x00010000, ABSOLUTE, COMPRESSED[0x00000028])

    Exec Addr    Load Addr    Size         Type   Attr      Idx    E Section Name        Object

    0x20000000   COMPRESSED   0x00000018   Data   RW            5    .data               main.o
    0x20000018   COMPRESSED   0x00000008   Data   RW          198    .data               delay.o
    0x20000020   COMPRESSED   0x00000014   Data   RW         1822    .data               stm32f10x_rcc.o
    0x20000034   COMPRESSED   0x00000044   Data   RW         3705    .data               tasks.o
    0x20000078   COMPRESSED   0x0000000c   Data   RW         4000    .data               chassis_task.o
    0x20000084   COMPRESSED   0x00000008   Data   RW         4021    .data               action_task.o
    0x2000008c   COMPRESSED   0x00000054   Data   RW         4077    .data               autotask.o
    0x200000e0   COMPRESSED   0x0000000e   Data   RW         4112    .data               data_dispose.o
    0x200000ee   COMPRESSED   0x00000010   Data   RW         4218    .data               can1_chassis.o
    0x200000fe   COMPRESSED   0x00000002   PAD
    0x20000100   COMPRESSED   0x0000000e   Data   RW         4404    .data               bsp_esp8266_test.o
    0x2000010e   COMPRESSED   0x00000002   PAD
    0x20000110   COMPRESSED   0x00000004   Data   RW         4457    .data               usart3_remote.o
    0x20000114   COMPRESSED   0x00000018   Data   RW         4537    .data               heap_4.o
    0x2000012c   COMPRESSED   0x00000004   Data   RW         4587    .data               port.o
    0x20000130        -       0x000002bc   Zero   RW            4    .bss                main.o
    0x200003ec        -       0x000002e4   Zero   RW         3704    .bss                tasks.o
    0x200006d0        -       0x000000a8   Zero   RW         3999    .bss                chassis_task.o
    0x20000778        -       0x0000004c   Zero   RW         4076    .bss                autotask.o
    0x200007c4        -       0x000000d8   Zero   RW         4110    .bss                data_dispose.o
    0x2000089c        -       0x00000028   Zero   RW         4217    .bss                can1_chassis.o
    0x200008c4        -       0x00000804   Zero   RW         4286    .bss                bsp_esp8266.o
    0x200010c8        -       0x0000001e   Zero   RW         4456    .bss                usart3_remote.o
    0x200010e6        -       0x00000029   Zero   RW         4505    .bss                uart.o
    0x2000110f        -       0x00004400   Zero   RW         4536    .bss                heap_4.o
    0x2000550f   COMPRESSED   0x00000001   PAD
    0x20005510        -       0x00000060   Zero   RW         4799    .bss                c_w.l(libspace.o)
    0x20005570        -       0x00000200   Zero   RW         3250    HEAP                startup_stm32f10x_cl.o
    0x20005770        -       0x00000400   Zero   RW         3249    STACK               startup_stm32f10x_cl.o


==============================================================================

Image component sizes


      Code (inc. data)   RO Data    RW Data    ZI Data      Debug   Object Name

       200         24          0          8          0        783   action_task.o
      2036        148          0         84         76       3468   autotask.o
      1148        278          0          0       2052       8855   bsp_esp8266.o
       180         60         28         14          0       1336   bsp_esp8266_test.o
       908         54          0         16         40       3761   can1_chassis.o
      1056         72          0         12        168       1408   chassis_task.o
       360          0          0          0          0       2031   common.o
         0          0          0          0          0         32   core_cm3.o
       480         58          4         14        216       3248   data_dispose.o
       332         36          0          8          0     235361   delay.o
         0          0          0          0          0       1432   event_groups.o
       508         62          0         24      17408       3739   heap_4.o
       180         16          0          0          0        870   led_task.o
       148          0          0          0          0       3082   list.o
       296         92          0         24        700      77668   main.o
       132         22          0          0          0       1491   misc.o
        40          4          0          0          0        424   pcreceivetask.o
       222          0          0          0          0       1509   pid.o
       412         50          0          4          0       8772   port.o
        64         26        336          0       1536        760   startup_stm32f10x_cl.o
      1654         22          0          0          0       6988   stm32f10x_can.o
       590         44          0          0          0       6949   stm32f10x_dma.o
       430          6          0          0          0       3726   stm32f10x_gpio.o
        28          0          0          0          0       2767   stm32f10x_it.o
       556         52          0         20          0       6668   stm32f10x_rcc.o
       270         42          0          0          0       3865   stm32f10x_tim.o
       616         28          0          0          0       6963   stm32f10x_usart.o
       316         20         20          0          0       2253   system_stm32f10x.o
      2426        362          0         68        740      24538   tasks.o
       500         32          0          0         41       2416   uart.o
        16          0          0          0          0        499   usart1_wifi.o
       480         44          0          4         30       2343   usart3_remote.o
       204         22          0          0          0       1150   usart5_calib.o

    ----------------------------------------------------------------------
     16808       1676        420        304      23008     431155   Object Totals
         0          0         32          0          0          0   (incl. Generated)
        20          0          0          4          1          0   (incl. Padding)

    ----------------------------------------------------------------------

      Code (inc. data)   RO Data    RW Data    ZI Data      Debug   Library Member Name

        90          0          0          0          0          0   __dczerorl2.o
         8          0          0          0          0         68   __main.o
       104          0          0          0          0         84   __printf.o
         0          0          0          0          0          0   __rtentry.o
        12          0          0          0          0          0   __rtentry2.o
         6          0          0          0          0          0   __rtentry4.o
        52          8          0          0          0          0   __scatter.o
        28          0          0          0          0          0   __scatter_zi.o
        44          0          0          0          0        108   _printf_char.o
        48          6          0          0          0         96   _printf_char_common.o
         6          0          0          0          0          0   _printf_d.o
       120         16          0          0          0         92   _printf_dec.o
       178          0          0          0          0         88   _printf_intcommon.o
         0          0          0          0          0          0   _printf_percent.o
         4          0          0          0          0          0   _printf_percent_end.o
         6          0          0          0          0          0   _printf_s.o
        82          0          0          0          0         80   _printf_str.o
        10          0          0          0          0         68   _sputc.o
        16          0          0          0          0         68   aeabi_memset.o
        18          0          0          0          0         80   exit.o
         6          0          0          0          0        152   heapauxi.o
         0          0          0          0          0          0   indicate_semi.o
         2          0          0          0          0          0   libinit.o
         2          0          0          0          0          0   libinit2.o
         2          0          0          0          0          0   libshutdown.o
         2          0          0          0          0          0   libshutdown2.o
         8          4          0          0         96         68   libspace.o
        40          6          0          0          0         84   noretval__2sprintf.o
        68          0          0          0          0         68   rt_memclr.o
        78          0          0          0          0         80   rt_memclr_w.o
       138          0          0          0          0         68   rt_memcpy_v6.o
       100          0          0          0          0         80   rt_memcpy_w.o
         2          0          0          0          0          0   rtexit.o
        10          0          0          0          0          0   rtexit2.o
        36          0          0          0          0         80   strstr.o
        12          4          0          0          0         68   sys_exit.o
        74          0          0          0          0         80   sys_stackheap_outer.o
         2          0          0          0          0         68   use_no_semi.o
        98          4          0          0          0         92   d2f.o
       804         16          0          0          0        272   daddsub_clz.o
        24          0          0          0          0         68   dcmpi.o
       688        140          0          0          0        208   ddiv.o
       120          4          0          0          0         92   dleqf.o
       340         12          0          0          0        104   dmul.o
       156          4          0          0          0         92   dnaninf.o
        12          0          0          0          0         68   dretinf.o
       108          0          0          0          0         80   drleqf.o
        86          4          0          0          0         84   f2d.o
       430          8          0          0          0        168   faddsub_clz.o
        24          0          0          0          0         68   fcmpi.o
        54          4          0          0          0         84   ffix.o
        48          0          0          0          0         68   fflt_clz.o
       104          4          0          0          0         84   fleqf.o
       258          4          0          0          0         84   fmul.o
       140          4          0          0          0         84   fnaninf.o
        10          0          0          0          0         68   fretinf.o
        98          0          0          0          0         68   frleqf.o
         0          0          0          0          0          0   usenofp.o

    ----------------------------------------------------------------------
      5036        252          0          0         96       3664   Library Totals
        20          0          0          0          0          0   (incl. Padding)

    ----------------------------------------------------------------------

      Code (inc. data)   RO Data    RW Data    ZI Data      Debug   Library Name

      1414         44          0          0         96       1728   c_w.l
      3602        208          0          0          0       1936   fz_ws.l

    ----------------------------------------------------------------------
      5036        252          0          0         96       3664   Library Totals

    ----------------------------------------------------------------------

==============================================================================


      Code (inc. data)   RO Data    RW Data    ZI Data      Debug   

     21844       1928        420        304      23104     425559   Grand Totals
     21844       1928        420         40      23104     425559   ELF Image Totals (compressed)
     21844       1928        420         40          0          0   ROM Totals

==============================================================================

    Total RO  Size (Code + RO Data)                22264 (  21.74kB)
    Total RW  Size (RW Data + ZI Data)             23408 (  22.86kB)
    Total ROM Size (Code + RO Data + RW Data)      22304 (  21.78kB)

==============================================================================

